Archive member included to satisfy reference by file (symbol)

../../../../Libraries/PeriphDrivers/bin/MAX78000/softfp/libPeriphDriver_softfp.a(mxc_delay.o)
                              /Users/ianwu/Desktop/SpotOn/MAX78000_SDK/Examples/MAX78000/CNN/cats-dogs_demo/build/main.o (MXC_Delay)
../../../../Libraries/PeriphDrivers/bin/MAX78000/softfp/libPeriphDriver_softfp.a(pins_ai85.o)
                              /Users/ianwu/Desktop/SpotOn/MAX78000_SDK/Examples/MAX78000/CNN/cats-dogs_demo/build/camera.o (gpio_cfg_pcif_xclk)
../../../../Libraries/PeriphDrivers/bin/MAX78000/softfp/libPeriphDriver_softfp.a(sys_ai85.o)
                              /Users/ianwu/Desktop/SpotOn/MAX78000_SDK/Examples/MAX78000/CNN/cats-dogs_demo/build/main.o (MXC_SYS_ClockDisable)
../../../../Libraries/PeriphDrivers/bin/MAX78000/softfp/libPeriphDriver_softfp.a(nvic_table.o)
                              /Users/ianwu/Desktop/SpotOn/MAX78000_SDK/Examples/MAX78000/CNN/cats-dogs_demo/build/cnn.o (NVIC_SetVector)
../../../../Libraries/PeriphDrivers/bin/MAX78000/softfp/libPeriphDriver_softfp.a(aes_me17.o)
                              ../../../../Libraries/PeriphDrivers/bin/MAX78000/softfp/libPeriphDriver_softfp.a(sys_ai85.o) (MXC_AES_Init)
../../../../Libraries/PeriphDrivers/bin/MAX78000/softfp/libPeriphDriver_softfp.a(aes_revb.o)
                              ../../../../Libraries/PeriphDrivers/bin/MAX78000/softfp/libPeriphDriver_softfp.a(aes_me17.o) (MXC_AES_RevB_Init)
../../../../Libraries/PeriphDrivers/bin/MAX78000/softfp/libPeriphDriver_softfp.a(cameraif_ai85.o)
                              /Users/ianwu/Desktop/SpotOn/MAX78000_SDK/Examples/MAX78000/CNN/cats-dogs_demo/build/camera.o (MXC_PCIF_Init)
../../../../Libraries/PeriphDrivers/bin/MAX78000/softfp/libPeriphDriver_softfp.a(cameraif_reva.o)
                              ../../../../Libraries/PeriphDrivers/bin/MAX78000/softfp/libPeriphDriver_softfp.a(cameraif_ai85.o) (MXC_PCIF_RevA_SetDatawidth)
../../../../Libraries/PeriphDrivers/bin/MAX78000/softfp/libPeriphDriver_softfp.a(dma_me17.o)
                              /Users/ianwu/Desktop/SpotOn/MAX78000_SDK/Examples/MAX78000/CNN/cats-dogs_demo/build/main.o (MXC_DMA_Init)
../../../../Libraries/PeriphDrivers/bin/MAX78000/softfp/libPeriphDriver_softfp.a(dma_reva.o)
                              ../../../../Libraries/PeriphDrivers/bin/MAX78000/softfp/libPeriphDriver_softfp.a(dma_me17.o) (MXC_DMA_RevA_Init)
../../../../Libraries/PeriphDrivers/bin/MAX78000/softfp/libPeriphDriver_softfp.a(flc_me17.o)
                              ../../../../Libraries/PeriphDrivers/bin/MAX78000/softfp/libPeriphDriver_softfp.a(sys_ai85.o) (MXC_FLC_UnlockInfoBlock)
../../../../Libraries/PeriphDrivers/bin/MAX78000/softfp/libPeriphDriver_softfp.a(flc_revb.o)
                              ../../../../Libraries/PeriphDrivers/bin/MAX78000/softfp/libPeriphDriver_softfp.a(flc_me17.o) (MXC_FLC_RevB_Busy)
../../../../Libraries/PeriphDrivers/bin/MAX78000/softfp/libPeriphDriver_softfp.a(gpio_ai85.o)
                              /Users/ianwu/Desktop/SpotOn/MAX78000_SDK/Examples/MAX78000/CNN/cats-dogs_demo/build/cnn.o (MXC_GPIO_Config)
../../../../Libraries/PeriphDrivers/bin/MAX78000/softfp/libPeriphDriver_softfp.a(gpio_reva.o)
                              ../../../../Libraries/PeriphDrivers/bin/MAX78000/softfp/libPeriphDriver_softfp.a(gpio_ai85.o) (MXC_GPIO_RevA_InGet)
../../../../Libraries/PeriphDrivers/bin/MAX78000/softfp/libPeriphDriver_softfp.a(icc_me17.o)
                              /Users/ianwu/Desktop/SpotOn/MAX78000_SDK/Examples/MAX78000/CNN/cats-dogs_demo/build/main.o (MXC_ICC_Enable)
../../../../Libraries/PeriphDrivers/bin/MAX78000/softfp/libPeriphDriver_softfp.a(icc_reva.o)
                              ../../../../Libraries/PeriphDrivers/bin/MAX78000/softfp/libPeriphDriver_softfp.a(icc_me17.o) (MXC_ICC_RevA_ID)
../../../../Libraries/PeriphDrivers/bin/MAX78000/softfp/libPeriphDriver_softfp.a(pt_me17.o)
                              /Users/ianwu/Desktop/SpotOn/MAX78000_SDK/Examples/MAX78000/CNN/cats-dogs_demo/build/camera.o (MXC_PT_Init)
../../../../Libraries/PeriphDrivers/bin/MAX78000/softfp/libPeriphDriver_softfp.a(pt_reva.o)
                              ../../../../Libraries/PeriphDrivers/bin/MAX78000/softfp/libPeriphDriver_softfp.a(pt_me17.o) (MXC_PT_RevA_Init)
../../../../Libraries/PeriphDrivers/bin/MAX78000/softfp/libPeriphDriver_softfp.a(spi_me17.o)
                              /Users/ianwu/Desktop/SpotOn/MAX78000_SDK/Examples/MAX78000/CNN/cats-dogs_demo/build/tft.o (MXC_SPI_Init)
../../../../Libraries/PeriphDrivers/bin/MAX78000/softfp/libPeriphDriver_softfp.a(spi_reva.o)
                              ../../../../Libraries/PeriphDrivers/bin/MAX78000/softfp/libPeriphDriver_softfp.a(spi_me17.o) (MXC_SPI_RevA_Init)
../../../../Libraries/PeriphDrivers/bin/MAX78000/softfp/libPeriphDriver_softfp.a(trng_revb.o)
[...]
Memory Configuration

Name             Origin             Length             Attributes
ROM              0x0000000000000000 0x0000000000010000 xr
FLASH            0x0000000010000000 0x0000000000080000 xr
SRAM             0x0000000020000000 0x0000000000020000 xrw
*default*        0x0000000000000000 0xffffffffffffffff

Linker script and memory map

LOAD /usr/local/gcc_arm/gcc-arm-none-eabi-10.3-2021.10/bin/../lib/gcc/arm-none-eabi/10.3.1/thumb/v7e-m+fp/softfp/crti.o
LOAD /usr/local/gcc_arm/gcc-arm-none-eabi-10.3-2021.10/bin/../lib/gcc/arm-none-eabi/10.3.1/thumb/v7e-m+fp/softfp/crtbegin.o
LOAD /usr/local/gcc_arm/gcc-arm-none-eabi-10.3-2021.10/bin/../lib/gcc/arm-none-eabi/10.3.1/../../../../arm-none-eabi/lib/thumb/v7e-m+fp/softfp/crt0.o
LOAD /Users/ianwu/Desktop/SpotOn/MAX78000_SDK/Examples/MAX78000/CNN/cats-dogs_demo/build/main.o
LOAD /Users/ianwu/Desktop/SpotOn/MAX78000_SDK/Examples/MAX78000/CNN/cats-dogs_demo/build/cnn.o
LOAD /Users/ianwu/Desktop/SpotOn/MAX78000_SDK/Examples/MAX78000/CNN/cats-dogs_demo/build/softmax.o
LOAD /Users/ianwu/Desktop/SpotOn/MAX78000_SDK/Examples/MAX78000/CNN/cats-dogs_demo/build/all_imgs.o
LOAD /Users/ianwu/Desktop/SpotOn/MAX78000_SDK/Examples/MAX78000/CNN/cats-dogs_demo/build/board.o
LOAD /Users/ianwu/Desktop/SpotOn/MAX78000_SDK/Examples/MAX78000/CNN/cats-dogs_demo/build/stdio.o
LOAD /Users/ianwu/Desktop/SpotOn/MAX78000_SDK/Examples/MAX78000/CNN/cats-dogs_demo/build/led.o
LOAD /Users/ianwu/Desktop/SpotOn/MAX78000_SDK/Examples/MAX78000/CNN/cats-dogs_demo/build/pb.o
LOAD /Users/ianwu/Desktop/SpotOn/MAX78000_SDK/Examples/MAX78000/CNN/cats-dogs_demo/build/tft.o
LOAD /Users/ianwu/Desktop/SpotOn/MAX78000_SDK/Examples/MAX78000/CNN/cats-dogs_demo/build/touchscreen.o
LOAD /Users/ianwu/Desktop/SpotOn/MAX78000_SDK/Examples/MAX78000/CNN/cats-dogs_demo/build/camera.o
LOAD /Users/ianwu/Desktop/SpotOn/MAX78000_SDK/Examples/MAX78000/CNN/cats-dogs_demo/build/ov7692.o
LOAD /Users/ianwu/Desktop/SpotOn/MAX78000_SDK/Examples/MAX78000/CNN/cats-dogs_demo/build/sccb.o
LOAD /Users/ianwu/Desktop/SpotOn/MAX78000_SDK/Examples/MAX78000/CNN/cats-dogs_demo/build/startup_max78000.o
LOAD /Users/ianwu/Desktop/SpotOn/MAX78000_SDK/Examples/MAX78000/CNN/cats-dogs_demo/build/heap.o
LOAD /Users/ianwu/Desktop/SpotOn/MAX78000_SDK/Examples/MAX78000/CNN/cats-dogs_demo/build/system_max78000.o
START GROUP
LOAD ../../../../Libraries/PeriphDrivers/bin/MAX78000/softfp/libPeriphDriver_softfp.a
LOAD /usr/local/gcc_arm/gcc-arm-none-eabi-10.3-2021.10/bin/../lib/gcc/arm-none-eabi/10.3.1/../../../../arm-none-eabi/lib/thumb/v7e-m+fp/softfp/libc.a
LOAD /usr/local/gcc_arm/gcc-arm-none-eabi-10.3-2021.10/bin/../lib/gcc/arm-none-eabi/10.3.1/../../../../arm-none-eabi/lib/thumb/v7e-m+fp/softfp/libm.a
LOAD /usr/local/gcc_arm/gcc-arm-none-eabi-10.3-2021.10/bin/../lib/gcc/arm-none-eabi/10.3.1/../../../../arm-none-eabi/lib/thumb/v7e-m+fp/softfp/libnosys.a
END GROUP
START GROUP
LOAD /usr/local/gcc_arm/gcc-arm-none-eabi-10.3-2021.10/bin/../lib/gcc/arm-none-eabi/10.3.1/thumb/v7e-m+fp/softfp/libgcc.a
LOAD /usr/local/gcc_arm/gcc-arm-none-eabi-10.3-2021.10/bin/../lib/gcc/arm-none-eabi/10.3.1/../../../../arm-none-eabi/lib/thumb/v7e-m+fp/softfp/libc.a
END GROUP
LOAD /usr/local/gcc_arm/gcc-arm-none-eabi-10.3-2021.10/bin/../lib/gcc/arm-none-eabi/10.3.1/thumb/v7e-m+fp/softfp/crtend.o
LOAD /usr/local/gcc_arm/gcc-arm-none-eabi-10.3-2021.10/bin/../lib/gcc/arm-none-eabi/10.3.1/thumb/v7e-m+fp/softfp/crtn.o

.rom
 *(.rom_vector)
 *(.rom_handlers*)

.text           0x0000000010000000    0x1f7d0
                0x0000000010000000                _text = .
 *(.isr_vector)
 .isr_vector    0x0000000010000000      0x1e0 /Users/ianwu/Desktop/SpotOn/MAX78000_SDK/Examples/MAX78000/CNN/cats-dogs_demo/build/startup_max78000.o
                0x0000000010000000                __isr_vector
 *(.text*)
 .text          0x00000000100001e0       0x40 /usr/local/gcc_arm/gcc-arm-none-eabi-10.3-2021.10/bin/../lib/gcc/arm-none-eabi/10.3.1/thumb/v7e-m+fp/softfp/crtbegin.o
 .text.cnn_load_input
                0x0000000010000220       0x48 /Users/ianwu/Desktop/SpotOn/MAX78000_SDK/Examples/MAX78000/CNN/cats-dogs_demo/build/main.o
                0x0000000010000220                cnn_load_input
 .text.lcd_show_sampledata
                0x0000000010000268       0x88 /Users/ianwu/Desktop/SpotOn/MAX78000_SDK/Examples/MAX78000/CNN/cats-dogs_demo/build/main.o
                0x0000000010000268                lcd_show_sampledata
 .text.process_camera_img
                0x00000000100002f0       0x70 /Users/ianwu/Desktop/SpotOn/MAX78000_SDK/Examples/MAX78000/CNN/cats-dogs_demo/build/main.o
                0x00000000100002f0                process_camera_img
 .text.startup.main
                0x0000000010000360      0x500 /Users/ianwu/Desktop/SpotOn/MAX78000_SDK/Examples/MAX78000/CNN/cats-dogs_demo/build/main.o
                0x0000000010000360                main
 .text.CNN_ISR  0x0000000010000860       0x50 /Users/ianwu/Desktop/SpotOn/MAX78000_SDK/Examples/MAX78000/CNN/cats-dogs_demo/build/cnn.o
                0x0000000010000860                CNN_ISR
 .text.cnn_stop
                0x00000000100008b0       0x14 /Users/ianwu/Desktop/SpotOn/MAX78000_SDK/Examples/MAX78000/CNN/cats-dogs_demo/build/cnn.o
                0x00000000100008b0                cnn_stop
 .text.cnn_load_weights
                0x00000000100008c4      0xcd4 /Users/ianwu/Desktop/SpotOn/MAX78000_SDK/Examples/MAX78000/CNN/cats-dogs_demo/build/cnn.o
                0x00000000100008c4                cnn_load_weights
 .text.cnn_load_bias
                0x0000000010001598       0x14 /Users/ianwu/Desktop/SpotOn/MAX78000_SDK/Examples/MAX78000/CNN/cats-dogs_demo/build/cnn.o
                0x0000000010001598                cnn_load_bias
 .text.cnn_init
                0x00000000100015ac       0x54 /Users/ianwu/Desktop/SpotOn/MAX78000_SDK/Examples/MAX78000/CNN/cats-dogs_demo/build/cnn.o
                0x00000000100015ac                cnn_init
 .text.cnn_configure
                0x0000000010001600      0x81c /Users/ianwu/Desktop/SpotOn/MAX78000_SDK/Examples/MAX78000/CNN/cats-dogs_demo/build/cnn.o
                0x0000000010001600                cnn_configure
 .text.cnn_start
                0x0000000010001e1c       0x50 /Users/ianwu/Desktop/SpotOn/MAX78000_SDK/Examples/MAX78000/CNN/cats-dogs_demo/build/cnn.o
                0x0000000010001e1c                cnn_start
 .text.cnn_unload
                0x0000000010001e6c       0x14 /Users/ianwu/Desktop/SpotOn/MAX78000_SDK/Examples/MAX78000/CNN/cats-dogs_demo/build/cnn.o
                0x0000000010001e6c                cnn_unload
 .text.cnn_enable
                0x0000000010001e80       0x3c /Users/ianwu/Desktop/SpotOn/MAX78000_SDK/Examples/MAX78000/CNN/cats-dogs_demo/build/cnn.o
                0x0000000010001e80                cnn_enable
 .text.cnn_boost_enable
                0x0000000010001ebc       0x24 /Users/ianwu/Desktop/SpotOn/MAX78000_SDK/Examples/MAX78000/CNN/cats-dogs_demo/build/cnn.o
                0x0000000010001ebc                cnn_boost_enable
 .text.softmax_q17p14_q15
                0x0000000010001ee0       0xa8 /Users/ianwu/Desktop/SpotOn/MAX78000_SDK/Examples/MAX78000/CNN/cats-dogs_demo/build/softmax.o
                0x0000000010001ee0                softmax_q17p14_q15
 .text.mxc_assert
                0x0000000010001f88       0x10 /Users/ianwu/Desktop/SpotOn/MAX78000_SDK/Examples/MAX78000/CNN/cats-dogs_demo/build/board.o
                0x0000000010001f88                mxc_assert
 .text.Board_Init
                0x0000000010001f98       0x70 /Users/ianwu/Desktop/SpotOn/MAX78000_SDK/Examples/MAX78000/CNN/cats-dogs_demo/build/board.o
                0x0000000010001f98                Board_Init
 .text.NMI_Handler
                0x0000000010002008        0x4 /Users/ianwu/Desktop/SpotOn/MAX78000_SDK/Examples/MAX78000/CNN/cats-dogs_demo/build/board.o
                0x0000000010002008                NMI_Handler
 .text.Camera_Power
                0x000000001000200c        0x8 /Users/ianwu/Desktop/SpotOn/MAX78000_SDK/Examples/MAX78000/CNN/cats-dogs_demo/build/board.o
                0x000000001000200c                Camera_Power
 .text._close   0x0000000010002014        0x8 /Users/ianwu/Desktop/SpotOn/MAX78000_SDK/Examples/MAX78000/CNN/cats-dogs_demo/build/stdio.o
                0x0000000010002014                _close
 .text._isatty  0x000000001000201c        0x8 /Users/ianwu/Desktop/SpotOn/MAX78000_SDK/Examples/MAX78000/CNN/cats-dogs_demo/build/stdio.o
                0x000000001000201c                _isatty
 .text._lseek   0x0000000010002024        0x8 /Users/ianwu/Desktop/SpotOn/MAX78000_SDK/Examples/MAX78000/CNN/cats-dogs_demo/build/stdio.o
                0x0000000010002024                _lseek
 .text._fstat   0x000000001000202c        0x8 /Users/ianwu/Desktop/SpotOn/MAX78000_SDK/Examples/MAX78000/CNN/cats-dogs_demo/build/stdio.o
                0x000000001000202c                _fstat
 .text._read    0x0000000010002034       0x50 /Users/ianwu/Desktop/SpotOn/MAX78000_SDK/Examples/MAX78000/CNN/cats-dogs_demo/build/stdio.o
                0x0000000010002034                _read
 .text._write   0x0000000010002084       0x54 /Users/ianwu/Desktop/SpotOn/MAX78000_SDK/Examples/MAX78000/CNN/cats-dogs_demo/build/stdio.o
                0x0000000010002084                _write
 .text.LED_Init
                0x00000000100020d8       0x40 /Users/ianwu/Desktop/SpotOn/MAX78000_SDK/Examples/MAX78000/CNN/cats-dogs_demo/build/led.o
                0x00000000100020d8                LED_Init
 .text.LED_On   0x0000000010002118       0x40 /Users/ianwu/Desktop/SpotOn/MAX78000_SDK/Examples/MAX78000/CNN/cats-dogs_demo/build/led.o
                0x0000000010002118                LED_On
 .text.LED_Off  0x0000000010002158       0x40 /Users/ianwu/Desktop/SpotOn/MAX78000_SDK/Examples/MAX78000/CNN/cats-dogs_demo/build/led.o
                0x0000000010002158                LED_Off
 .text.PB_Init  0x0000000010002198       0x38 /Users/ianwu/Desktop/SpotOn/MAX78000_SDK/Examples/MAX78000/CNN/cats-dogs_demo/build/pb.o
                0x0000000010002198                PB_Init
 .text.GPIO0_IRQHandler
                0x00000000100021d0        0x8 /Users/ianwu/Desktop/SpotOn/MAX78000_SDK/Examples/MAX78000/CNN/cats-dogs_demo/build/pb.o
                0x00000000100021d0                GPIO0_IRQHandler
 .text.GPIO1_IRQHandler
                0x00000000100021d8        0x8 /Users/ianwu/Desktop/SpotOn/MAX78000_SDK/Examples/MAX78000/CNN/cats-dogs_demo/build/pb.o
                0x00000000100021d8                GPIO1_IRQHandler
 .text.GPIO2_IRQHandler
                0x00000000100021e0        0x8 /Users/ianwu/Desktop/SpotOn/MAX78000_SDK/Examples/MAX78000/CNN/cats-dogs_demo/build/pb.o
                0x00000000100021e0                GPIO2_IRQHandler
 .text.PB_Get   0x00000000100021e8       0x44 /Users/ianwu/Desktop/SpotOn/MAX78000_SDK/Examples/MAX78000/CNN/cats-dogs_demo/build/pb.o
                0x00000000100021e8                PB_Get
 .text.get_font_info
                0x000000001000222c       0x44 /Users/ianwu/Desktop/SpotOn/MAX78000_SDK/Examples/MAX78000/CNN/cats-dogs_demo/build/tft.o
 .text.setPalette
                0x0000000010002270       0xd8 /Users/ianwu/Desktop/SpotOn/MAX78000_SDK/Examples/MAX78000/CNN/cats-dogs_demo/build/tft.o
 .text.spi_transmit
                0x0000000010002348       0xc8 /Users/ianwu/Desktop/SpotOn/MAX78000_SDK/Examples/MAX78000/CNN/cats-dogs_demo/build/tft.o
 .text.print_line
                0x0000000010002410       0x90 /Users/ianwu/Desktop/SpotOn/MAX78000_SDK/Examples/MAX78000/CNN/cats-dogs_demo/build/tft.o
 .text.RLE_decode
                0x00000000100024a0      0x17c /Users/ianwu/Desktop/SpotOn/MAX78000_SDK/Examples/MAX78000/CNN/cats-dogs_demo/build/tft.o
 .text.get_bitmap_info
                0x000000001000261c       0x5c /Users/ianwu/Desktop/SpotOn/MAX78000_SDK/Examples/MAX78000/CNN/cats-dogs_demo/build/tft.o
 .text.displaySub
                0x0000000010002678      0x150 /Users/ianwu/Desktop/SpotOn/MAX78000_SDK/Examples/MAX78000/CNN/cats-dogs_demo/build/tft.o
 .text.writeSubBitmap
                0x00000000100027c8      0x11c /Users/ianwu/Desktop/SpotOn/MAX78000_SDK/Examples/MAX78000/CNN/cats-dogs_demo/build/tft.o
 .text.displaySub_Rotated
                0x00000000100028e4      0x160 /Users/ianwu/Desktop/SpotOn/MAX78000_SDK/Examples/MAX78000/CNN/cats-dogs_demo/build/tft.o
 .text.MXC_TFT_PrintFont.part.0
                0x0000000010002a44      0x1f8 /Users/ianwu/Desktop/SpotOn/MAX78000_SDK/Examples/MAX78000/CNN/cats-dogs_demo/build/tft.o
 .text.MXC_TFT_SetBackGroundColor
                0x0000000010002c3c      0x148 /Users/ianwu/Desktop/SpotOn/MAX78000_SDK/Examples/MAX78000/CNN/cats-dogs_demo/build/tft.o
                0x0000000010002c3c                MXC_TFT_SetBackGroundColor
 .text.MXC_TFT_Init
                0x0000000010002d84      0x6c4 /Users/ianwu/Desktop/SpotOn/MAX78000_SDK/Examples/MAX78000/CNN/cats-dogs_demo/build/tft.o
                0x0000000010002d84                MXC_TFT_Init
 .text.MXC_TFT_SetPalette
                0x0000000010003448       0x30 /Users/ianwu/Desktop/SpotOn/MAX78000_SDK/Examples/MAX78000/CNN/cats-dogs_demo/build/tft.o
                0x0000000010003448                MXC_TFT_SetPalette
 .text.MXC_TFT_ShowImage
                0x0000000010003478       0xd0 /Users/ianwu/Desktop/SpotOn/MAX78000_SDK/Examples/MAX78000/CNN/cats-dogs_demo/build/tft.o
                0x0000000010003478                MXC_TFT_ShowImage
 .text.MXC_TFT_ClearScreen
                0x0000000010003548        0xc /Users/ianwu/Desktop/SpotOn/MAX78000_SDK/Examples/MAX78000/CNN/cats-dogs_demo/build/tft.o
                0x0000000010003548                MXC_TFT_ClearScreen
 .text.MXC_TFT_WritePixel
                0x0000000010003554       0xc0 /Users/ianwu/Desktop/SpotOn/MAX78000_SDK/Examples/MAX78000/CNN/cats-dogs_demo/build/tft.o
                0x0000000010003554                MXC_TFT_WritePixel
 .text.MXC_TFT_PrintFont
                0x0000000010003614       0x18 /Users/ianwu/Desktop/SpotOn/MAX78000_SDK/Examples/MAX78000/CNN/cats-dogs_demo/build/tft.o
                0x0000000010003614                MXC_TFT_PrintFont
 .text.camera_irq_handler
                0x000000001000362c      0x13c /Users/ianwu/Desktop/SpotOn/MAX78000_SDK/Examples/MAX78000/CNN/cats-dogs_demo/build/camera.o
                0x000000001000362c                camera_irq_handler
 .text.stream_callback
                0x0000000010003768       0xbc /Users/ianwu/Desktop/SpotOn/MAX78000_SDK/Examples/MAX78000/CNN/cats-dogs_demo/build/camera.o
 .text.setup_dma
                0x0000000010003824       0x84 /Users/ianwu/Desktop/SpotOn/MAX78000_SDK/Examples/MAX78000/CNN/cats-dogs_demo/build/camera.o
 .text.stream_irq_handler
                0x00000000100038a8        0x4 /Users/ianwu/Desktop/SpotOn/MAX78000_SDK/Examples/MAX78000/CNN/cats-dogs_demo/build/camera.o
                0x00000000100038a8                stream_irq_handler
 .text.camera_init
                0x00000000100038ac      0x138 /Users/ianwu/Desktop/SpotOn/MAX78000_SDK/Examples/MAX78000/CNN/cats-dogs_demo/build/camera.o
                0x00000000100038ac                camera_init
 .text.camera_setup
                0x00000000100039e4      0x1b4 /Users/ianwu/Desktop/SpotOn/MAX78000_SDK/Examples/MAX78000/CNN/cats-dogs_demo/build/camera.o
                0x00000000100039e4                camera_setup
 .text.camera_start_capture_image
                0x0000000010003b98       0x3c /Users/ianwu/Desktop/SpotOn/MAX78000_SDK/Examples/MAX78000/CNN/cats-dogs_demo/build/camera.o
                0x0000000010003b98                camera_start_capture_image
 .text.camera_is_image_rcv
                0x0000000010003bd4       0x10 /Users/ianwu/Desktop/SpotOn/MAX78000_SDK/Examples/MAX78000/CNN/cats-dogs_demo/build/camera.o
                0x0000000010003bd4                camera_is_image_rcv
 .text.camera_get_image
                0x0000000010003be4       0xa0 /Users/ianwu/Desktop/SpotOn/MAX78000_SDK/Examples/MAX78000/CNN/cats-dogs_demo/build/camera.o
                0x0000000010003be4                camera_get_image
 .text.get_slave_address
                0x0000000010003c84        0xc /Users/ianwu/Desktop/SpotOn/MAX78000_SDK/Examples/MAX78000/CNN/cats-dogs_demo/build/ov7692.o
 .text.get_pixformat
                0x0000000010003c90       0x10 /Users/ianwu/Desktop/SpotOn/MAX78000_SDK/Examples/MAX78000/CNN/cats-dogs_demo/build/ov7692.o
 .text.set_contrast
                0x0000000010003ca0        0x4 /Users/ianwu/Desktop/SpotOn/MAX78000_SDK/Examples/MAX78000/CNN/cats-dogs_demo/build/ov7692.o
 .text.set_gainceiling
                0x0000000010003ca4        0x4 /Users/ianwu/Desktop/SpotOn/MAX78000_SDK/Examples/MAX78000/CNN/cats-dogs_demo/build/ov7692.o
 .text.get_luminance
                0x0000000010003ca8       0x60 /Users/ianwu/Desktop/SpotOn/MAX78000_SDK/Examples/MAX78000/CNN/cats-dogs_demo/build/ov7692.o
 .text.read_reg
                0x0000000010003d08       0x20 /Users/ianwu/Desktop/SpotOn/MAX78000_SDK/Examples/MAX78000/CNN/cats-dogs_demo/build/ov7692.o
 .text.get_manufacture_id
                0x0000000010003d28       0x3c /Users/ianwu/Desktop/SpotOn/MAX78000_SDK/Examples/MAX78000/CNN/cats-dogs_demo/build/ov7692.o
 .text.get_product_id
                0x0000000010003d64       0x3c /Users/ianwu/Desktop/SpotOn/MAX78000_SDK/Examples/MAX78000/CNN/cats-dogs_demo/build/ov7692.o
 .text.set_negateimage
                0x0000000010003da0       0x90 /Users/ianwu/Desktop/SpotOn/MAX78000_SDK/Examples/MAX78000/CNN/cats-dogs_demo/build/ov7692.o
 .text.set_vflip
                0x0000000010003e30       0x3c /Users/ianwu/Desktop/SpotOn/MAX78000_SDK/Examples/MAX78000/CNN/cats-dogs_demo/build/ov7692.o
 .text.set_hmirror
                0x0000000010003e6c       0x3c /Users/ianwu/Desktop/SpotOn/MAX78000_SDK/Examples/MAX78000/CNN/cats-dogs_demo/build/ov7692.o
 .text.set_windowing
                0x0000000010003ea8      0x120 /Users/ianwu/Desktop/SpotOn/MAX78000_SDK/Examples/MAX78000/CNN/cats-dogs_demo/build/ov7692.o
 .text.set_framesize
                0x0000000010003fc8       0xc0 /Users/ianwu/Desktop/SpotOn/MAX78000_SDK/Examples/MAX78000/CNN/cats-dogs_demo/build/ov7692.o
 .text.set_pixformat
                0x0000000010004088       0x54 /Users/ianwu/Desktop/SpotOn/MAX78000_SDK/Examples/MAX78000/CNN/cats-dogs_demo/build/ov7692.o
 .text.write_reg
                0x00000000100040dc       0x18 /Users/ianwu/Desktop/SpotOn/MAX78000_SDK/Examples/MAX78000/CNN/cats-dogs_demo/build/ov7692.o
 .text.sleep    0x00000000100040f4       0x3c /Users/ianwu/Desktop/SpotOn/MAX78000_SDK/Examples/MAX78000/CNN/cats-dogs_demo/build/ov7692.o
 .text.reset    0x0000000010004130       0x64 /Users/ianwu/Desktop/SpotOn/MAX78000_SDK/Examples/MAX78000/CNN/cats-dogs_demo/build/ov7692.o
 .text.dump_registers
                0x0000000010004194       0xa4 /Users/ianwu/Desktop/SpotOn/MAX78000_SDK/Examples/MAX78000/CNN/cats-dogs_demo/build/ov7692.o
 .text.init     0x0000000010004238       0x1c /Users/ianwu/Desktop/SpotOn/MAX78000_SDK/Examples/MAX78000/CNN/cats-dogs_demo/build/ov7692.o
 .text.set_saturation
                0x0000000010004254        0x4 /Users/ianwu/Desktop/SpotOn/MAX78000_SDK/Examples/MAX78000/CNN/cats-dogs_demo/build/ov7692.o
 .text.set_colorbar
                0x0000000010004258        0x4 /Users/ianwu/Desktop/SpotOn/MAX78000_SDK/Examples/MAX78000/CNN/cats-dogs_demo/build/ov7692.o
 .text.set_brightness
                0x000000001000425c        0x4 /Users/ianwu/Desktop/SpotOn/MAX78000_SDK/Examples/MAX78000/CNN/cats-dogs_demo/build/ov7692.o
 .text.sensor_register
                0x0000000010004260       0xbc /Users/ianwu/Desktop/SpotOn/MAX78000_SDK/Examples/MAX78000/CNN/cats-dogs_demo/build/ov7692.o
                0x0000000010004260                sensor_register
 .text.send_byte
                0x000000001000431c       0x68 /Users/ianwu/Desktop/SpotOn/MAX78000_SDK/Examples/MAX78000/CNN/cats-dogs_demo/build/sccb.o
 .text.get_byte
                0x0000000010004384       0x4c /Users/ianwu/Desktop/SpotOn/MAX78000_SDK/Examples/MAX78000/CNN/cats-dogs_demo/build/sccb.o
 .text.sccb_init
                0x00000000100043d0       0x2c /Users/ianwu/Desktop/SpotOn/MAX78000_SDK/Examples/MAX78000/CNN/cats-dogs_demo/build/sccb.o
                0x00000000100043d0                sccb_init
 .text.sccb_scan
                0x00000000100043fc       0x7c /Users/ianwu/Desktop/SpotOn/MAX78000_SDK/Examples/MAX78000/CNN/cats-dogs_demo/build/sccb.o
                0x00000000100043fc                sccb_scan
 .text.sccb_read_byt
                0x0000000010004478      0x11c /Users/ianwu/Desktop/SpotOn/MAX78000_SDK/Examples/MAX78000/CNN/cats-dogs_demo/build/sccb.o
                0x0000000010004478                sccb_read_byt
 .text.sccb_write_byt
                0x0000000010004594       0xa4 /Users/ianwu/Desktop/SpotOn/MAX78000_SDK/Examples/MAX78000/CNN/cats-dogs_demo/build/sccb.o
                0x0000000010004594                sccb_write_byt
 .text          0x0000000010004638      0x148 /Users/ianwu/Desktop/SpotOn/MAX78000_SDK/Examples/MAX78000/CNN/cats-dogs_demo/build/startup_max78000.o
                0x0000000010004638                Reset_Handler
                0x0000000010004676                HardFault_Handler
                0x0000000010004678                MemManage_Handler
                0x000000001000467a                BusFault_Handler
                0x000000001000467c                UsageFault_Handler
                0x000000001000467e                SVC_Handler
                0x0000000010004680                DebugMon_Handler
                0x0000000010004682                PendSV_Handler
                0x0000000010004684                SysTick_Handler
                0x0000000010004686                Default_Handler
                0x0000000010004688                PF_IRQHandler
                0x000000001000468a                WDT0_IRQHandler
                0x000000001000468c                RSV02_IRQHandler
                0x000000001000468e                RTC_IRQHandler
                0x0000000010004690                TRNG_IRQHandler
                0x0000000010004692                TMR0_IRQHandler
                0x0000000010004694                TMR1_IRQHandler
                0x0000000010004696                TMR2_IRQHandler
                0x0000000010004698                TMR3_IRQHandler
                0x000000001000469a                TMR4_IRQHandler
                0x000000001000469c                TMR5_IRQHandler
                0x000000001000469e                RSV11_IRQHandler
                0x00000000100046a0                RSV12_IRQHandler
                0x00000000100046a2                I2C0_IRQHandler
                0x00000000100046a4                UART0_IRQHandler
                0x00000000100046a6                UART1_IRQHandler
                0x00000000100046a8                SPI1_IRQHandler
                0x00000000100046aa                RSV17_IRQHandler
                0x00000000100046ac                RSV18_IRQHandler
                0x00000000100046ae                RSV19_IRQHandler
                0x00000000100046b0                ADC_IRQHandler
                0x00000000100046b2                RSV21_IRQHandler
                0x00000000100046b4                RSV22_IRQHandler
                0x00000000100046b6                FLC0_IRQHandler
                0x00000000100046be                RSV27_IRQHandler
                0x00000000100046c0                DMA0_IRQHandler
                0x00000000100046c2                DMA1_IRQHandler
                0x00000000100046c4                DMA2_IRQHandler
                0x00000000100046c6                DMA3_IRQHandler
                0x00000000100046c8                RSV32_IRQHandler
                0x00000000100046ca                RSV33_IRQHandler
                0x00000000100046cc                UART2_IRQHandler
                0x00000000100046ce                RSV35_IRQHandler
                0x00000000100046d0                I2C1_IRQHandler
                0x00000000100046d2                RSV37_IRQHandler
                0x00000000100046d4                RSV38_IRQHandler
                0x00000000100046d6                RSV39_IRQHandler
                0x00000000100046d8                RSV40_IRQHandler
                0x00000000100046da                RSV41_IRQHandler
                0x00000000100046dc                RSV42_IRQHandler
                0x00000000100046de                RSV43_IRQHandler
                0x00000000100046e0                RSV44_IRQHandler
                0x00000000100046e2                RSV45_IRQHandler
                0x00000000100046e4                RSV46_IRQHandler
                0x00000000100046e6                RSV47_IRQHandler
                0x00000000100046e8                RSV48_IRQHandler
                0x00000000100046ea                RSV49_IRQHandler
                0x00000000100046ec                RSV50_IRQHandler
                0x00000000100046ee                RSV51_IRQHandler
                0x00000000100046f0                RSV52_IRQHandler
                0x00000000100046f2                WUT_IRQHandler
                0x00000000100046f4                GPIOWAKE_IRQHandler
                0x00000000100046f6                RSV55_IRQHandler
                0x00000000100046f8                SPI0_IRQHandler
                0x00000000100046fa                WDT1_IRQHandler
                0x00000000100046fc                RSV58_IRQHandler
                0x00000000100046fe                PT_IRQHandler
                0x0000000010004700                RSV60_IRQHandler
                0x0000000010004702                RSV61_IRQHandler
                0x0000000010004704                I2C2_IRQHandler
                0x0000000010004706                RISCV_IRQHandler
                0x0000000010004708                RSV64_IRQHandler
                0x000000001000470a                RSV65_IRQHandler
                0x000000001000470c                RSV66_IRQHandler
                0x000000001000470e                OWM_IRQHandler
                0x0000000010004710                RSV68_IRQHandler
                0x0000000010004712                RSV69_IRQHandler
                0x0000000010004714                RSV70_IRQHandler
                0x0000000010004716                RSV71_IRQHandler
                0x0000000010004718                RSV72_IRQHandler
                0x000000001000471a                RSV73_IRQHandler
                0x000000001000471c                RSV74_IRQHandler
                0x000000001000471e                RSV75_IRQHandler
                0x0000000010004720                RSV76_IRQHandler
                0x0000000010004722                RSV77_IRQHandler
                0x0000000010004724                RSV78_IRQHandler
                0x0000000010004726                RSV79_IRQHandler
                0x0000000010004728                RSV80_IRQHandler
                0x000000001000472a                RSV81_IRQHandler
                0x000000001000472c                ECC_IRQHandler
                0x000000001000472e                DVS_IRQHandler
                0x0000000010004730                SIMO_IRQHandler
                0x0000000010004732                RSV85_IRQHandler
                0x0000000010004734                RSV86_IRQHandler
                0x0000000010004736                RSV87_IRQHandler
                0x0000000010004738                UART3_IRQHandler
                0x000000001000473a                RSV89_IRQHandler
                0x000000001000473c                RSV90_IRQHandler
                0x000000001000473e                PCIF_IRQHandler
                0x0000000010004740                RSV92_IRQHandler
                0x0000000010004742                RSV93_IRQHandler
                0x0000000010004744                RSV94_IRQHandler
                0x0000000010004746                RSV95_IRQHandler
                0x0000000010004748                RSV96_IRQHandler
                0x000000001000474a                AES_IRQHandler
                0x000000001000474c                RSV98_IRQHandler
                0x000000001000474e                I2S_IRQHandler
                0x0000000010004750                CNN_FIFO_IRQHandler
                0x0000000010004752                CNN_IRQHandler
                0x0000000010004754                RSV102_IRQHandler
                0x0000000010004756                LPCMP_IRQHandler
 .text._sbrk    0x0000000010004780       0x3c /Users/ianwu/Desktop/SpotOn/MAX78000_SDK/Examples/MAX78000/CNN/cats-dogs_demo/build/heap.o
                0x0000000010004780                _sbrk
 .text.SystemCoreClockUpdate
                0x00000000100047bc       0x68 /Users/ianwu/Desktop/SpotOn/MAX78000_SDK/Examples/MAX78000/CNN/cats-dogs_demo/build/system_max78000.o
                0x00000000100047bc                SystemCoreClockUpdate
 .text.PreInit  0x0000000010004824        0x4 /Users/ianwu/Desktop/SpotOn/MAX78000_SDK/Examples/MAX78000/CNN/cats-dogs_demo/build/system_max78000.o
                0x0000000010004824                PreInit
 .text.SystemInit
                0x0000000010004828       0x38 /Users/ianwu/Desktop/SpotOn/MAX78000_SDK/Examples/MAX78000/CNN/cats-dogs_demo/build/system_max78000.o
                0x0000000010004828                SystemInit
 .text.MXC_DelayInit
                0x0000000010004860       0x7c ../../../../Libraries/PeriphDrivers/bin/MAX78000/softfp/libPeriphDriver_softfp.a(mxc_delay.o)
 .text.MXC_DelayAsync
                0x00000000100048dc       0x3c ../../../../Libraries/PeriphDrivers/bin/MAX78000/softfp/libPeriphDriver_softfp.a(mxc_delay.o)
                0x00000000100048dc                MXC_DelayAsync
 .text.MXC_DelayCheck
                0x0000000010004918       0x70 ../../../../Libraries/PeriphDrivers/bin/MAX78000/softfp/libPeriphDriver_softfp.a(mxc_delay.o)
                0x0000000010004918                MXC_DelayCheck
 .text.MXC_DelayAbort
                0x0000000010004988       0x34 ../../../../Libraries/PeriphDrivers/bin/MAX78000/softfp/libPeriphDriver_softfp.a(mxc_delay.o)
                0x0000000010004988                MXC_DelayAbort
 .text.MXC_Delay
                0x00000000100049bc       0x74 ../../../../Libraries/PeriphDrivers/bin/MAX78000/softfp/libPeriphDriver_softfp.a(mxc_delay.o)
                0x00000000100049bc                MXC_Delay
 .text.MXC_SYS_IsClockEnabled
                0x0000000010004a30       0x44 ../../../../Libraries/PeriphDrivers/bin/MAX78000/softfp/libPeriphDriver_softfp.a(sys_ai85.o)
                0x0000000010004a30                MXC_SYS_IsClockEnabled
 .text.MXC_SYS_ClockDisable
                0x0000000010004a74       0x44 ../../../../Libraries/PeriphDrivers/bin/MAX78000/softfp/libPeriphDriver_softfp.a(sys_ai85.o)
                0x0000000010004a74                MXC_SYS_ClockDisable
 .text.MXC_SYS_ClockEnable
                0x0000000010004ab8       0x4c ../../../../Libraries/PeriphDrivers/bin/MAX78000/softfp/libPeriphDriver_softfp.a(sys_ai85.o)
                0x0000000010004ab8                MXC_SYS_ClockEnable
 .text.MXC_SYS_ClockSourceEnable
                0x0000000010004b04       0xec ../../../../Libraries/PeriphDrivers/bin/MAX78000/softfp/libPeriphDriver_softfp.a(sys_ai85.o)
                0x0000000010004b04                MXC_SYS_ClockSourceEnable
 .text.MXC_SYS_Clock_Select
                0x0000000010004bf0      0x13c ../../../../Libraries/PeriphDrivers/bin/MAX78000/softfp/libPeriphDriver_softfp.a(sys_ai85.o)
                0x0000000010004bf0                MXC_SYS_Clock_Select
 .text.MXC_SYS_Reset_Periph
                0x0000000010004d2c       0x50 ../../../../Libraries/PeriphDrivers/bin/MAX78000/softfp/libPeriphDriver_softfp.a(sys_ai85.o)
                0x0000000010004d2c                MXC_SYS_Reset_Periph
 .text.NVIC_SetVector
                0x0000000010004d7c       0x4c ../../../../Libraries/PeriphDrivers/bin/MAX78000/softfp/libPeriphDriver_softfp.a(nvic_table.o)
                0x0000000010004d7c                NVIC_SetVector
 .text.MXC_PCIF_Init
                0x0000000010004dc8       0x6c ../../../../Libraries/PeriphDrivers/bin/MAX78000/softfp/libPeriphDriver_softfp.a(cameraif_ai85.o)
                0x0000000010004dc8                MXC_PCIF_Init
 .text.MXC_PCIF_SetDataWidth
                0x0000000010004e34        0xc ../../../../Libraries/PeriphDrivers/bin/MAX78000/softfp/libPeriphDriver_softfp.a(cameraif_ai85.o)
                0x0000000010004e34                MXC_PCIF_SetDataWidth
 .text.MXC_PCIF_SetTimingSel
                0x0000000010004e40        0xc ../../../../Libraries/PeriphDrivers/bin/MAX78000/softfp/libPeriphDriver_softfp.a(cameraif_ai85.o)
                0x0000000010004e40                MXC_PCIF_SetTimingSel
 .text.MXC_PCIF_SetThreshold
                0x0000000010004e4c        0xc ../../../../Libraries/PeriphDrivers/bin/MAX78000/softfp/libPeriphDriver_softfp.a(cameraif_ai85.o)
                0x0000000010004e4c                MXC_PCIF_SetThreshold
 .text.MXC_PCIF_EnableInt
                0x0000000010004e58        0xc ../../../../Libraries/PeriphDrivers/bin/MAX78000/softfp/libPeriphDriver_softfp.a(cameraif_ai85.o)
                0x0000000010004e58                MXC_PCIF_EnableInt
 .text.MXC_PCIF_DisableInt
                0x0000000010004e64        0xc ../../../../Libraries/PeriphDrivers/bin/MAX78000/softfp/libPeriphDriver_softfp.a(cameraif_ai85.o)
                0x0000000010004e64                MXC_PCIF_DisableInt
 .text.MXC_PCIF_Start
                0x0000000010004e70        0xc ../../../../Libraries/PeriphDrivers/bin/MAX78000/softfp/libPeriphDriver_softfp.a(cameraif_ai85.o)
                0x0000000010004e70                MXC_PCIF_Start
 .text.MXC_PCIF_RevA_SetDatawidth
                0x0000000010004e7c       0x14 ../../../../Libraries/PeriphDrivers/bin/MAX78000/softfp/libPeriphDriver_softfp.a(cameraif_reva.o)
                0x0000000010004e7c                MXC_PCIF_RevA_SetDatawidth
 .text.MXC_PCIF_RevA_SetTimingSel
                0x0000000010004e90       0x14 ../../../../Libraries/PeriphDrivers/bin/MAX78000/softfp/libPeriphDriver_softfp.a(cameraif_reva.o)
                0x0000000010004e90                MXC_PCIF_RevA_SetTimingSel
 .text.MXC_PCIF_RevA_SetThreshold
                0x0000000010004ea4       0x18 ../../../../Libraries/PeriphDrivers/bin/MAX78000/softfp/libPeriphDriver_softfp.a(cameraif_reva.o)
                0x0000000010004ea4                MXC_PCIF_RevA_SetThreshold
 .text.MXC_PCIF_RevA_EnableInt
                0x0000000010004ebc        0xc ../../../../Libraries/PeriphDrivers/bin/MAX78000/softfp/libPeriphDriver_softfp.a(cameraif_reva.o)
                0x0000000010004ebc                MXC_PCIF_RevA_EnableInt
 .text.MXC_PCIF_RevA_DisableInt
                0x0000000010004ec8       0x10 ../../../../Libraries/PeriphDrivers/bin/MAX78000/softfp/libPeriphDriver_softfp.a(cameraif_reva.o)
                0x0000000010004ec8                MXC_PCIF_RevA_DisableInt
 .text.MXC_PCIF_RevA_Start
                0x0000000010004ed8       0x14 ../../../../Libraries/PeriphDrivers/bin/MAX78000/softfp/libPeriphDriver_softfp.a(cameraif_reva.o)
                0x0000000010004ed8                MXC_PCIF_RevA_Start
 .text.MXC_DMA_Init
                0x0000000010004eec       0x30 ../../../../Libraries/PeriphDrivers/bin/MAX78000/softfp/libPeriphDriver_softfp.a(dma_me17.o)
                0x0000000010004eec                MXC_DMA_Init
 .text.MXC_DMA_AcquireChannel
                0x0000000010004f1c        0xc ../../../../Libraries/PeriphDrivers/bin/MAX78000/softfp/libPeriphDriver_softfp.a(dma_me17.o)
                0x0000000010004f1c                MXC_DMA_AcquireChannel
 .text.MXC_DMA_SetCallback
                0x0000000010004f28        0x4 ../../../../Libraries/PeriphDrivers/bin/MAX78000/softfp/libPeriphDriver_softfp.a(dma_me17.o)
                0x0000000010004f28                MXC_DMA_SetCallback
 .text.MXC_DMA_ChannelClearFlags
                0x0000000010004f2c        0x4 ../../../../Libraries/PeriphDrivers/bin/MAX78000/softfp/libPeriphDriver_softfp.a(dma_me17.o)
                0x0000000010004f2c                MXC_DMA_ChannelClearFlags
 .text.MXC_DMA_Handler
                0x0000000010004f30        0xc ../../../../Libraries/PeriphDrivers/bin/MAX78000/softfp/libPeriphDriver_softfp.a(dma_me17.o)
                0x0000000010004f30                MXC_DMA_Handler
 .text.MXC_DMA_RevA_Init
                0x0000000010004f3c       0x94 ../../../../Libraries/PeriphDrivers/bin/MAX78000/softfp/libPeriphDriver_softfp.a(dma_reva.o)
                0x0000000010004f3c                MXC_DMA_RevA_Init
 .text.MXC_DMA_RevA_AcquireChannel
                0x0000000010004fd0       0x74 ../../../../Libraries/PeriphDrivers/bin/MAX78000/softfp/libPeriphDriver_softfp.a(dma_reva.o)
                0x0000000010004fd0                MXC_DMA_RevA_AcquireChannel
 .text.MXC_DMA_RevA_SetCallback
                0x0000000010005044       0x24 ../../../../Libraries/PeriphDrivers/bin/MAX78000/softfp/libPeriphDriver_softfp.a(dma_reva.o)
                0x0000000010005044                MXC_DMA_RevA_SetCallback
 .text.MXC_DMA_RevA_ChannelClearFlags
                0x0000000010005068       0x2c ../../../../Libraries/PeriphDrivers/bin/MAX78000/softfp/libPeriphDriver_softfp.a(dma_reva.o)
                0x0000000010005068                MXC_DMA_RevA_ChannelClearFlags
 .text.MXC_DMA_RevA_Handler
                0x0000000010005094       0x80 ../../../../Libraries/PeriphDrivers/bin/MAX78000/softfp/libPeriphDriver_softfp.a(dma_reva.o)
                0x0000000010005094                MXC_DMA_RevA_Handler
 .text.MXC_GPIO_Config
                0x0000000010005114      0x204 ../../../../Libraries/PeriphDrivers/bin/MAX78000/softfp/libPeriphDriver_softfp.a(gpio_ai85.o)
                0x0000000010005114                MXC_GPIO_Config
 .text.MXC_GPIO_InGet
                0x0000000010005318       0x2c ../../../../Libraries/PeriphDrivers/bin/MAX78000/softfp/libPeriphDriver_softfp.a(gpio_ai85.o)
                0x0000000010005318                MXC_GPIO_InGet
 .text.MXC_GPIO_OutSet
                0x0000000010005344       0x34 ../../../../Libraries/PeriphDrivers/bin/MAX78000/softfp/libPeriphDriver_softfp.a(gpio_ai85.o)
                0x0000000010005344                MXC_GPIO_OutSet
 .text.MXC_GPIO_OutClr
                0x0000000010005378       0x34 ../../../../Libraries/PeriphDrivers/bin/MAX78000/softfp/libPeriphDriver_softfp.a(gpio_ai85.o)
                0x0000000010005378                MXC_GPIO_OutClr
 .text.MXC_GPIO_Handler
                0x00000000100053ac        0x4 ../../../../Libraries/PeriphDrivers/bin/MAX78000/softfp/libPeriphDriver_softfp.a(gpio_ai85.o)
                0x00000000100053ac                MXC_GPIO_Handler
 .text.MXC_GPIO_ClearFlags
                0x00000000100053b0        0x4 ../../../../Libraries/PeriphDrivers/bin/MAX78000/softfp/libPeriphDriver_softfp.a(gpio_ai85.o)
                0x00000000100053b0                MXC_GPIO_ClearFlags
 .text.MXC_GPIO_GetFlags
                0x00000000100053b4        0x4 ../../../../Libraries/PeriphDrivers/bin/MAX78000/softfp/libPeriphDriver_softfp.a(gpio_ai85.o)
                0x00000000100053b4                MXC_GPIO_GetFlags
 .text.MXC_GPIO_SetVSSEL
                0x00000000100053b8        0x4 ../../../../Libraries/PeriphDrivers/bin/MAX78000/softfp/libPeriphDriver_softfp.a(gpio_ai85.o)
                0x00000000100053b8                MXC_GPIO_SetVSSEL
 .text.MXC_GPIO_RevA_InGet
                0x00000000100053bc        0x8 ../../../../Libraries/PeriphDrivers/bin/MAX78000/softfp/libPeriphDriver_softfp.a(gpio_reva.o)
                0x00000000100053bc                MXC_GPIO_RevA_InGet
 .text.MXC_GPIO_RevA_OutSet
                0x00000000100053c4        0x4 ../../../../Libraries/PeriphDrivers/bin/MAX78000/softfp/libPeriphDriver_softfp.a(gpio_reva.o)
                0x00000000100053c4                MXC_GPIO_RevA_OutSet
 .text.MXC_GPIO_RevA_OutClr
                0x00000000100053c8        0x4 ../../../../Libraries/PeriphDrivers/bin/MAX78000/softfp/libPeriphDriver_softfp.a(gpio_reva.o)
                0x00000000100053c8                MXC_GPIO_RevA_OutClr
 .text.MXC_GPIO_RevA_ClearFlags
                0x00000000100053cc        0x4 ../../../../Libraries/PeriphDrivers/bin/MAX78000/softfp/libPeriphDriver_softfp.a(gpio_reva.o)
                0x00000000100053cc                MXC_GPIO_RevA_ClearFlags
 .text.MXC_GPIO_RevA_GetFlags
                0x00000000100053d0        0x4 ../../../../Libraries/PeriphDrivers/bin/MAX78000/softfp/libPeriphDriver_softfp.a(gpio_reva.o)
                0x00000000100053d0                MXC_GPIO_RevA_GetFlags
 .text.MXC_GPIO_RevA_SetVSSEL
                0x00000000100053d4       0x30 ../../../../Libraries/PeriphDrivers/bin/MAX78000/softfp/libPeriphDriver_softfp.a(gpio_reva.o)
                0x00000000100053d4                MXC_GPIO_RevA_SetVSSEL
 .text.MXC_GPIO_RevA_SetAF
                0x0000000010005404       0x58 ../../../../Libraries/PeriphDrivers/bin/MAX78000/softfp/libPeriphDriver_softfp.a(gpio_reva.o)
                0x0000000010005404                MXC_GPIO_RevA_SetAF
 .text.MXC_ICC_Enable
                0x000000001000545c        0x4 ../../../../Libraries/PeriphDrivers/bin/MAX78000/softfp/libPeriphDriver_softfp.a(icc_me17.o)
                0x000000001000545c                MXC_ICC_Enable
 .text.MXC_ICC_RevA_Enable
                0x0000000010005460       0x30 ../../../../Libraries/PeriphDrivers/bin/MAX78000/softfp/libPeriphDriver_softfp.a(icc_reva.o)
                0x0000000010005460                MXC_ICC_RevA_Enable
 .text.MXC_PT_Init
                0x0000000010005490      0x128 ../../../../Libraries/PeriphDrivers/bin/MAX78000/softfp/libPeriphDriver_softfp.a(pt_me17.o)
                0x0000000010005490                MXC_PT_Init
 .text.MXC_PT_Config
                0x00000000100055b8       0x5c ../../../../Libraries/PeriphDrivers/bin/MAX78000/softfp/libPeriphDriver_softfp.a(pt_me17.o)
                0x00000000100055b8                MXC_PT_Config
 .text.MXC_PT_SqrWaveConfig
                0x0000000010005614       0x20 ../../../../Libraries/PeriphDrivers/bin/MAX78000/softfp/libPeriphDriver_softfp.a(pt_me17.o)
                0x0000000010005614                MXC_PT_SqrWaveConfig
 .text.MXC_PT_Start
                0x0000000010005634        0xc ../../../../Libraries/PeriphDrivers/bin/MAX78000/softfp/libPeriphDriver_softfp.a(pt_me17.o)
                0x0000000010005634                MXC_PT_Start
 .text.MXC_PT_IsActive
                0x0000000010005640        0xc ../../../../Libraries/PeriphDrivers/bin/MAX78000/softfp/libPeriphDriver_softfp.a(pt_me17.o)
                0x0000000010005640                MXC_PT_IsActive
 .text.MXC_PT_RevA_Init
                0x000000001000564c        0xc ../../../../Libraries/PeriphDrivers/bin/MAX78000/softfp/libPeriphDriver_softfp.a(pt_reva.o)
                0x000000001000564c                MXC_PT_RevA_Init
 .text.MXC_PT_RevA_Config
                0x0000000010005658       0xc4 ../../../../Libraries/PeriphDrivers/bin/MAX78000/softfp/libPeriphDriver_softfp.a(pt_reva.o)
                0x0000000010005658                MXC_PT_RevA_Config
 .text.MXC_PT_RevA_SqrWaveConfig
                0x000000001000571c       0x18 ../../../../Libraries/PeriphDrivers/bin/MAX78000/softfp/libPeriphDriver_softfp.a(pt_reva.o)
                0x000000001000571c                MXC_PT_RevA_SqrWaveConfig
 .text.MXC_PT_RevA_Start
                0x0000000010005734       0x10 ../../../../Libraries/PeriphDrivers/bin/MAX78000/softfp/libPeriphDriver_softfp.a(pt_reva.o)
                0x0000000010005734                MXC_PT_RevA_Start
 .text.MXC_PT_RevA_IsActive
                0x0000000010005744        0xc ../../../../Libraries/PeriphDrivers/bin/MAX78000/softfp/libPeriphDriver_softfp.a(pt_reva.o)
                0x0000000010005744                MXC_PT_RevA_IsActive
 .text.MXC_SPI_Init
                0x0000000010005750      0x1e8 ../../../../Libraries/PeriphDrivers/bin/MAX78000/softfp/libPeriphDriver_softfp.a(spi_me17.o)
                0x0000000010005750                MXC_SPI_Init
 .text.MXC_SPI_GetPeripheralClock
                0x0000000010005938       0x70 ../../../../Libraries/PeriphDrivers/bin/MAX78000/softfp/libPeriphDriver_softfp.a(spi_me17.o)
                0x0000000010005938                MXC_SPI_GetPeripheralClock
 .text.MXC_SPI_SetFrequency
                0x00000000100059a8        0x4 ../../../../Libraries/PeriphDrivers/bin/MAX78000/softfp/libPeriphDriver_softfp.a(spi_me17.o)
                0x00000000100059a8                MXC_SPI_SetFrequency
 .text.MXC_SPI_SetDataSize
                0x00000000100059ac        0x4 ../../../../Libraries/PeriphDrivers/bin/MAX78000/softfp/libPeriphDriver_softfp.a(spi_me17.o)
                0x00000000100059ac                MXC_SPI_SetDataSize
 .text.MXC_SPI_SetWidth
                0x00000000100059b0        0x4 ../../../../Libraries/PeriphDrivers/bin/MAX78000/softfp/libPeriphDriver_softfp.a(spi_me17.o)
                0x00000000100059b0                MXC_SPI_SetWidth
 .text.MXC_SPI_RevA_Init
                0x00000000100059b4       0xcc ../../../../Libraries/PeriphDrivers/bin/MAX78000/softfp/libPeriphDriver_softfp.a(spi_reva.o)
                0x00000000100059b4                MXC_SPI_RevA_Init
 .text.MXC_SPI_RevA_SetFrequency
                0x0000000010005a80       0x94 ../../../../Libraries/PeriphDrivers/bin/MAX78000/softfp/libPeriphDriver_softfp.a(spi_reva.o)
                0x0000000010005a80                MXC_SPI_RevA_SetFrequency
 .text.MXC_SPI_RevA_SetDataSize
                0x0000000010005b14       0x98 ../../../../Libraries/PeriphDrivers/bin/MAX78000/softfp/libPeriphDriver_softfp.a(spi_reva.o)
                0x0000000010005b14                MXC_SPI_RevA_SetDataSize
 .text.MXC_SPI_RevA_SetWidth
                0x0000000010005bac       0x6c ../../../../Libraries/PeriphDrivers/bin/MAX78000/softfp/libPeriphDriver_softfp.a(spi_reva.o)
                0x0000000010005bac                MXC_SPI_RevA_SetWidth
 .text.MXC_TMR_Init
                0x0000000010005c18      0x344 ../../../../Libraries/PeriphDrivers/bin/MAX78000/softfp/libPeriphDriver_softfp.a(tmr_ai85.o)
                0x0000000010005c18                MXC_TMR_Init
 .text.MXC_TMR_Start
                0x0000000010005f5c        0x4 ../../../../Libraries/PeriphDrivers/bin/MAX78000/softfp/libPeriphDriver_softfp.a(tmr_ai85.o)
                0x0000000010005f5c                MXC_TMR_Start
 .text.MXC_TMR_Stop
                0x0000000010005f60        0x4 ../../../../Libraries/PeriphDrivers/bin/MAX78000/softfp/libPeriphDriver_softfp.a(tmr_ai85.o)
                0x0000000010005f60                MXC_TMR_Stop
 .text.MXC_TMR_ClearFlags
                0x0000000010005f64        0x4 ../../../../Libraries/PeriphDrivers/bin/MAX78000/softfp/libPeriphDriver_softfp.a(tmr_ai85.o)
                0x0000000010005f64                MXC_TMR_ClearFlags
 .text.MXC_TMR_SetCount
                0x0000000010005f68        0x4 ../../../../Libraries/PeriphDrivers/bin/MAX78000/softfp/libPeriphDriver_softfp.a(tmr_ai85.o)
                0x0000000010005f68                MXC_TMR_SetCount
 .text.MXC_TMR_TO_Start
                0x0000000010005f6c        0x4 ../../../../Libraries/PeriphDrivers/bin/MAX78000/softfp/libPeriphDriver_softfp.a(tmr_ai85.o)
                0x0000000010005f6c                MXC_TMR_TO_Start
 .text.MXC_TMR_TO_Stop
                0x0000000010005f70        0x4 ../../../../Libraries/PeriphDrivers/bin/MAX78000/softfp/libPeriphDriver_softfp.a(tmr_ai85.o)
                0x0000000010005f70                MXC_TMR_TO_Stop
 .text.MXC_TMR_TO_Elapsed
                0x0000000010005f74        0x4 ../../../../Libraries/PeriphDrivers/bin/MAX78000/softfp/libPeriphDriver_softfp.a(tmr_ai85.o)
                0x0000000010005f74                MXC_TMR_TO_Elapsed
 .text.MXC_TMR_SW_Start
                0x0000000010005f78        0x4 ../../../../Libraries/PeriphDrivers/bin/MAX78000/softfp/libPeriphDriver_softfp.a(tmr_ai85.o)
                0x0000000010005f78                MXC_TMR_SW_Start
 .text.MXC_TMR_SW_Stop
                0x0000000010005f7c        0x4 ../../../../Libraries/PeriphDrivers/bin/MAX78000/softfp/libPeriphDriver_softfp.a(tmr_ai85.o)
                0x0000000010005f7c                MXC_TMR_SW_Stop
 .text.MXC_TMR_GetTime
                0x0000000010005f80        0x4 ../../../../Libraries/PeriphDrivers/bin/MAX78000/softfp/libPeriphDriver_softfp.a(tmr_ai85.o)
                0x0000000010005f80                MXC_TMR_GetTime
 .text.MXC_TMR_RevB_ConfigGeneric
                0x0000000010005f84       0xe8 ../../../../Libraries/PeriphDrivers/bin/MAX78000/softfp/libPeriphDriver_softfp.a(tmr_revb.o)
                0x0000000010005f84                MXC_TMR_RevB_ConfigGeneric
 .text.MXC_TMR_RevB_Init
                0x000000001000606c       0xc8 ../../../../Libraries/PeriphDrivers/bin/MAX78000/softfp/libPeriphDriver_softfp.a(tmr_revb.o)
                0x000000001000606c                MXC_TMR_RevB_Init
 .text.MXC_TMR_RevB_Start
                0x0000000010006134       0x5c ../../../../Libraries/PeriphDrivers/bin/MAX78000/softfp/libPeriphDriver_softfp.a(tmr_revb.o)
                0x0000000010006134                MXC_TMR_RevB_Start
 .text.MXC_TMR_RevB_Stop
                0x0000000010006190       0x58 ../../../../Libraries/PeriphDrivers/bin/MAX78000/softfp/libPeriphDriver_softfp.a(tmr_revb.o)
                0x0000000010006190                MXC_TMR_RevB_Stop
 .text.MXC_TMR_RevB_ClearFlags
                0x00000000100061e8       0x58 ../../../../Libraries/PeriphDrivers/bin/MAX78000/softfp/libPeriphDriver_softfp.a(tmr_revb.o)
                0x00000000100061e8                MXC_TMR_RevB_ClearFlags
 .text.MXC_TMR_RevB_SetCount
                0x0000000010006240       0x5c ../../../../Libraries/PeriphDrivers/bin/MAX78000/softfp/libPeriphDriver_softfp.a(tmr_revb.o)
                0x0000000010006240                MXC_TMR_RevB_SetCount
 .text.MXC_TMR_RevB_TO_Start
                0x000000001000629c       0xe4 ../../../../Libraries/PeriphDrivers/bin/MAX78000/softfp/libPeriphDriver_softfp.a(tmr_revb.o)
                0x000000001000629c                MXC_TMR_RevB_TO_Start
 .text.MXC_TMR_RevB_GetTime
                0x0000000010006380      0x138 ../../../../Libraries/PeriphDrivers/bin/MAX78000/softfp/libPeriphDriver_softfp.a(tmr_revb.o)
                0x0000000010006380                MXC_TMR_RevB_GetTime
 .text.MXC_UART_GetFrequency.part.0
                0x00000000100064b8       0x64 ../../../../Libraries/PeriphDrivers/bin/MAX78000/softfp/libPeriphDriver_softfp.a(uart_ai85.o)
 .text.MXC_UART_Shutdown
                0x000000001000651c       0x70 ../../../../Libraries/PeriphDrivers/bin/MAX78000/softfp/libPeriphDriver_softfp.a(uart_ai85.o)
                0x000000001000651c                MXC_UART_Shutdown
 .text.MXC_UART_Init
                0x000000001000658c       0xb8 ../../../../Libraries/PeriphDrivers/bin/MAX78000/softfp/libPeriphDriver_softfp.a(uart_ai85.o)
                0x000000001000658c                MXC_UART_Init
 .text.MXC_UART_SetFrequency
                0x0000000010006644       0xc4 ../../../../Libraries/PeriphDrivers/bin/MAX78000/softfp/libPeriphDriver_softfp.a(uart_ai85.o)
                0x0000000010006644                MXC_UART_SetFrequency
 .text.MXC_UART_GetFrequency
                0x0000000010006708       0x30 ../../../../Libraries/PeriphDrivers/bin/MAX78000/softfp/libPeriphDriver_softfp.a(uart_ai85.o)
                0x0000000010006708                MXC_UART_GetFrequency
 .text.MXC_UART_SetDataSize
                0x0000000010006738        0x4 ../../../../Libraries/PeriphDrivers/bin/MAX78000/softfp/libPeriphDriver_softfp.a(uart_ai85.o)
                0x0000000010006738                MXC_UART_SetDataSize
 .text.MXC_UART_SetStopBits
                0x000000001000673c        0x4 ../../../../Libraries/PeriphDrivers/bin/MAX78000/softfp/libPeriphDriver_softfp.a(uart_ai85.o)
                0x000000001000673c                MXC_UART_SetStopBits
 .text.MXC_UART_SetParity
                0x0000000010006740        0x4 ../../../../Libraries/PeriphDrivers/bin/MAX78000/softfp/libPeriphDriver_softfp.a(uart_ai85.o)
                0x0000000010006740                MXC_UART_SetParity
 .text.MXC_UART_ReadCharacterRaw
                0x0000000010006744        0x4 ../../../../Libraries/PeriphDrivers/bin/MAX78000/softfp/libPeriphDriver_softfp.a(uart_ai85.o)
                0x0000000010006744                MXC_UART_ReadCharacterRaw
 .text.MXC_UART_WriteCharacterRaw
                0x0000000010006748        0x4 ../../../../Libraries/PeriphDrivers/bin/MAX78000/softfp/libPeriphDriver_softfp.a(uart_ai85.o)
                0x0000000010006748                MXC_UART_WriteCharacterRaw
 .text.MXC_UART_ReadCharacter
                0x000000001000674c        0x4 ../../../../Libraries/PeriphDrivers/bin/MAX78000/softfp/libPeriphDriver_softfp.a(uart_ai85.o)
                0x000000001000674c                MXC_UART_ReadCharacter
 .text.MXC_UART_WriteCharacter
                0x0000000010006750        0x4 ../../../../Libraries/PeriphDrivers/bin/MAX78000/softfp/libPeriphDriver_softfp.a(uart_ai85.o)
                0x0000000010006750                MXC_UART_WriteCharacter
 .text.MXC_UART_GetRXFIFOAvailable
                0x0000000010006754        0x4 ../../../../Libraries/PeriphDrivers/bin/MAX78000/softfp/libPeriphDriver_softfp.a(uart_ai85.o)
                0x0000000010006754                MXC_UART_GetRXFIFOAvailable
 .text.MXC_UART_GetTXFIFOAvailable
                0x0000000010006758        0x4 ../../../../Libraries/PeriphDrivers/bin/MAX78000/softfp/libPeriphDriver_softfp.a(uart_ai85.o)
                0x0000000010006758                MXC_UART_GetTXFIFOAvailable
 .text.MXC_UART_SetRXThreshold
                0x000000001000675c        0x4 ../../../../Libraries/PeriphDrivers/bin/MAX78000/softfp/libPeriphDriver_softfp.a(uart_ai85.o)
                0x000000001000675c                MXC_UART_SetRXThreshold
 .text.MXC_UART_Common_ReadCharacter
                0x0000000010006760       0x18 ../../../../Libraries/PeriphDrivers/bin/MAX78000/softfp/libPeriphDriver_softfp.a(uart_common.o)
                0x0000000010006760                MXC_UART_Common_ReadCharacter
 .text.MXC_UART_Common_WriteCharacter
                0x0000000010006778       0x1c ../../../../Libraries/PeriphDrivers/bin/MAX78000/softfp/libPeriphDriver_softfp.a(uart_common.o)
                0x0000000010006778                MXC_UART_Common_WriteCharacter
 .text.MXC_UART_RevB_Init
                0x0000000010006794       0x70 ../../../../Libraries/PeriphDrivers/bin/MAX78000/softfp/libPeriphDriver_softfp.a(uart_revb.o)
                0x0000000010006794                MXC_UART_RevB_Init
 .text.MXC_UART_RevB_SetFrequency
                0x0000000010006804       0x9c ../../../../Libraries/PeriphDrivers/bin/MAX78000/softfp/libPeriphDriver_softfp.a(uart_revb.o)
                0x0000000010006804                MXC_UART_RevB_SetFrequency
 .text.MXC_UART_RevB_GetFrequency
                0x00000000100068a0       0x74 ../../../../Libraries/PeriphDrivers/bin/MAX78000/softfp/libPeriphDriver_softfp.a(uart_revb.o)
                0x00000000100068a0                MXC_UART_RevB_GetFrequency
 .text.MXC_UART_RevB_SetDataSize
                0x0000000010006914       0x40 ../../../../Libraries/PeriphDrivers/bin/MAX78000/softfp/libPeriphDriver_softfp.a(uart_revb.o)
                0x0000000010006914                MXC_UART_RevB_SetDataSize
 .text.MXC_UART_RevB_SetStopBits
                0x0000000010006954       0x4c ../../../../Libraries/PeriphDrivers/bin/MAX78000/softfp/libPeriphDriver_softfp.a(uart_revb.o)
                0x0000000010006954                MXC_UART_RevB_SetStopBits
 .text.MXC_UART_RevB_SetParity
                0x00000000100069a0       0xb4 ../../../../Libraries/PeriphDrivers/bin/MAX78000/softfp/libPeriphDriver_softfp.a(uart_revb.o)
                0x00000000100069a0                MXC_UART_RevB_SetParity
 .text.MXC_UART_RevB_ReadCharacterRaw
                0x0000000010006a54       0x38 ../../../../Libraries/PeriphDrivers/bin/MAX78000/softfp/libPeriphDriver_softfp.a(uart_revb.o)
                0x0000000010006a54                MXC_UART_RevB_ReadCharacterRaw
 .text.MXC_UART_RevB_WriteCharacterRaw
                0x0000000010006a8c       0x3c ../../../../Libraries/PeriphDrivers/bin/MAX78000/softfp/libPeriphDriver_softfp.a(uart_revb.o)
                0x0000000010006a8c                MXC_UART_RevB_WriteCharacterRaw
 .text.MXC_UART_RevB_GetRXFIFOAvailable
                0x0000000010006ac8        0x8 ../../../../Libraries/PeriphDrivers/bin/MAX78000/softfp/libPeriphDriver_softfp.a(uart_revb.o)
                0x0000000010006ac8                MXC_UART_RevB_GetRXFIFOAvailable
 .text.MXC_UART_RevB_GetTXFIFOAvailable
                0x0000000010006ad0        0xc ../../../../Libraries/PeriphDrivers/bin/MAX78000/softfp/libPeriphDriver_softfp.a(uart_revb.o)
                0x0000000010006ad0                MXC_UART_RevB_GetTXFIFOAvailable
 .text.MXC_UART_RevB_SetRXThreshold
                0x0000000010006adc       0x40 ../../../../Libraries/PeriphDrivers/bin/MAX78000/softfp/libPeriphDriver_softfp.a(uart_revb.o)
                0x0000000010006adc                MXC_UART_RevB_SetRXThreshold
 .text.MXC_GetLock
                0x0000000010006b1c       0x1c ../../../../Libraries/PeriphDrivers/bin/MAX78000/softfp/libPeriphDriver_softfp.a(mxc_lock.o)
                0x0000000010006b1c                MXC_GetLock
 .text.MXC_FreeLock
                0x0000000010006b38        0xc ../../../../Libraries/PeriphDrivers/bin/MAX78000/softfp/libPeriphDriver_softfp.a(mxc_lock.o)
                0x0000000010006b38                MXC_FreeLock
 .text.MXC_GPIO_Common_Init
                0x0000000010006b44       0x24 ../../../../Libraries/PeriphDrivers/bin/MAX78000/softfp/libPeriphDriver_softfp.a(gpio_common.o)
                0x0000000010006b44                MXC_GPIO_Common_Init
 .text.MXC_GPIO_Common_Handler
                0x0000000010006b68       0x88 ../../../../Libraries/PeriphDrivers/bin/MAX78000/softfp/libPeriphDriver_softfp.a(gpio_common.o)
                0x0000000010006b68                MXC_GPIO_Common_Handler
 .text.MXC_TMR_Common_TO_Stop
                0x0000000010006bf0       0x14 ../../../../Libraries/PeriphDrivers/bin/MAX78000/softfp/libPeriphDriver_softfp.a(tmr_common.o)
                0x0000000010006bf0                MXC_TMR_Common_TO_Stop
 .text.MXC_TMR_Common_SW_Start
                0x0000000010006c04        0x8 ../../../../Libraries/PeriphDrivers/bin/MAX78000/softfp/libPeriphDriver_softfp.a(tmr_common.o)
                0x0000000010006c04                MXC_TMR_Common_SW_Start
 .text.MXC_TMR_Common_SW_Stop
                0x0000000010006c0c       0x14 ../../../../Libraries/PeriphDrivers/bin/MAX78000/softfp/libPeriphDriver_softfp.a(tmr_common.o)
                0x0000000010006c0c                MXC_TMR_Common_SW_Stop
 .text.MXC_TMR_Common_TO_Elapsed
                0x0000000010006c20       0x54 ../../../../Libraries/PeriphDrivers/bin/MAX78000/softfp/libPeriphDriver_softfp.a(tmr_common.o)
                0x0000000010006c20                MXC_TMR_Common_TO_Elapsed
 .text.__errno  0x0000000010006c74        0xc /usr/local/gcc_arm/gcc-arm-none-eabi-10.3-2021.10/bin/../lib/gcc/arm-none-eabi/10.3.1/../../../../arm-none-eabi/lib/thumb/v7e-m+fp/softfp/libc.a(lib_a-errno.o)
                0x0000000010006c74                __errno
 .text.__libc_init_array
                0x0000000010006c80       0x48 /usr/local/gcc_arm/gcc-arm-none-eabi-10.3-2021.10/bin/../lib/gcc/arm-none-eabi/10.3.1/../../../../arm-none-eabi/lib/thumb/v7e-m+fp/softfp/libc.a(lib_a-init.o)
                0x0000000010006c80                __libc_init_array
 .text.malloc   0x0000000010006cc8       0x10 /usr/local/gcc_arm/gcc-arm-none-eabi-10.3-2021.10/bin/../lib/gcc/arm-none-eabi/10.3.1/../../../../arm-none-eabi/lib/thumb/v7e-m+fp/softfp/libc.a(lib_a-malloc.o)
                0x0000000010006cc8                malloc
 .text.free     0x0000000010006cd8       0x10 /usr/local/gcc_arm/gcc-arm-none-eabi-10.3-2021.10/bin/../lib/gcc/arm-none-eabi/10.3.1/../../../../arm-none-eabi/lib/thumb/v7e-m+fp/softfp/libc.a(lib_a-malloc.o)
                0x0000000010006cd8                free
 .text._malloc_r
                0x0000000010006ce8      0x560 /usr/local/gcc_arm/gcc-arm-none-eabi-10.3-2021.10/bin/../lib/gcc/arm-none-eabi/10.3.1/../../../../arm-none-eabi/lib/thumb/v7e-m+fp/softfp/libc.a(lib_a-mallocr.o)
                0x0000000010006ce8                _malloc_r
 .text          0x0000000010007248      0x134 /usr/local/gcc_arm/gcc-arm-none-eabi-10.3-2021.10/bin/../lib/gcc/arm-none-eabi/10.3.1/../../../../arm-none-eabi/lib/thumb/v7e-m+fp/softfp/libc.a(lib_a-memcpy.o)
                0x0000000010007248                memcpy
 .text.memset   0x000000001000737c       0xa4 /usr/local/gcc_arm/gcc-arm-none-eabi-10.3-2021.10/bin/../lib/gcc/arm-none-eabi/10.3.1/../../../../arm-none-eabi/lib/thumb/v7e-m+fp/softfp/libc.a(lib_a-memset.o)
                0x000000001000737c                memset
 .text.__malloc_lock
                0x0000000010007420        0xc /usr/local/gcc_arm/gcc-arm-none-eabi-10.3-2021.10/bin/../lib/gcc/arm-none-eabi/10.3.1/../../../../arm-none-eabi/lib/thumb/v7e-m+fp/softfp/libc.a(lib_a-mlock.o)
                0x0000000010007420                __malloc_lock
 .text.__malloc_unlock
                0x000000001000742c        0xc /usr/local/gcc_arm/gcc-arm-none-eabi-10.3-2021.10/bin/../lib/gcc/arm-none-eabi/10.3.1/../../../../arm-none-eabi/lib/thumb/v7e-m+fp/softfp/libc.a(lib_a-mlock.o)
                0x000000001000742c                __malloc_unlock
 .text.printf   0x0000000010007438       0x28 /usr/local/gcc_arm/gcc-arm-none-eabi-10.3-2021.10/bin/../lib/gcc/arm-none-eabi/10.3.1/../../../../arm-none-eabi/lib/thumb/v7e-m+fp/softfp/libc.a(lib_a-printf.o)
                0x0000000010007438                printf
 .text.putchar  0x0000000010007460       0x10 /usr/local/gcc_arm/gcc-arm-none-eabi-10.3-2021.10/bin/../lib/gcc/arm-none-eabi/10.3.1/../../../../arm-none-eabi/lib/thumb/v7e-m+fp/softfp/libc.a(lib_a-putchar.o)
                0x0000000010007460                putchar
 .text._puts_r  0x0000000010007470       0x9c /usr/local/gcc_arm/gcc-arm-none-eabi-10.3-2021.10/bin/../lib/gcc/arm-none-eabi/10.3.1/../../../../arm-none-eabi/lib/thumb/v7e-m+fp/softfp/libc.a(lib_a-puts.o)
                0x0000000010007470                _puts_r
 .text.puts     0x000000001000750c       0x10 /usr/local/gcc_arm/gcc-arm-none-eabi-10.3-2021.10/bin/../lib/gcc/arm-none-eabi/10.3.1/../../../../arm-none-eabi/lib/thumb/v7e-m+fp/softfp/libc.a(lib_a-puts.o)
                0x000000001000750c                puts
 .text._sbrk_r  0x000000001000751c       0x24 /usr/local/gcc_arm/gcc-arm-none-eabi-10.3-2021.10/bin/../lib/gcc/arm-none-eabi/10.3.1/../../../../arm-none-eabi/lib/thumb/v7e-m+fp/softfp/libc.a(lib_a-sbrkr.o)
                0x000000001000751c                _sbrk_r
 .text.sprintf  0x0000000010007540       0x40 /usr/local/gcc_arm/gcc-arm-none-eabi-10.3-2021.10/bin/../lib/gcc/arm-none-eabi/10.3.1/../../../../arm-none-eabi/lib/thumb/v7e-m+fp/softfp/libc.a(lib_a-sprintf.o)
                0x0000000010007540                sprintf
 .text          0x0000000010007580       0xdc /usr/local/gcc_arm/gcc-arm-none-eabi-10.3-2021.10/bin/../lib/gcc/arm-none-eabi/10.3.1/../../../../arm-none-eabi/lib/thumb/v7e-m+fp/softfp/libc.a(lib_a-strlen.o)
                0x0000000010007580                strlen
 *fill*         0x000000001000765c        0x4 
 .text._svfprintf_r
                0x0000000010007660     0x1ac8 /usr/local/gcc_arm/gcc-arm-none-eabi-10.3-2021.10/bin/../lib/gcc/arm-none-eabi/10.3.1/../../../../arm-none-eabi/lib/thumb/v7e-m+fp/softfp/libc.a(lib_a-svfprintf.o)
                0x0000000010007660                _svfprintf_r
 .text._vfprintf_r
                0x0000000010009128     0x1b8c /usr/local/gcc_arm/gcc-arm-none-eabi-10.3-2021.10/bin/../lib/gcc/arm-none-eabi/10.3.1/../../../../arm-none-eabi/lib/thumb/v7e-m+fp/softfp/libc.a(lib_a-vfprintf.o)
                0x0000000010009128                _vfprintf_r
 .text.__sbprintf
                0x000000001000acb4       0x80 /usr/local/gcc_arm/gcc-arm-none-eabi-10.3-2021.10/bin/../lib/gcc/arm-none-eabi/10.3.1/../../../../arm-none-eabi/lib/thumb/v7e-m+fp/softfp/libc.a(lib_a-vfprintf.o)
 .text.__swsetup_r
                0x000000001000ad34       0xd4 /usr/local/gcc_arm/gcc-arm-none-eabi-10.3-2021.10/bin/../lib/gcc/arm-none-eabi/10.3.1/../../../../arm-none-eabi/lib/thumb/v7e-m+fp/softfp/libc.a(lib_a-wsetup.o)
                0x000000001000ad34                __swsetup_r
 .text.startup.register_fini
                0x000000001000ae08       0x14 /usr/local/gcc_arm/gcc-arm-none-eabi-10.3-2021.10/bin/../lib/gcc/arm-none-eabi/10.3.1/../../../../arm-none-eabi/lib/thumb/v7e-m+fp/softfp/libc.a(lib_a-__call_atexit.o)
 .text.atexit   0x000000001000ae1c        0xc /usr/local/gcc_arm/gcc-arm-none-eabi-10.3-2021.10/bin/../lib/gcc/arm-none-eabi/10.3.1/../../../../arm-none-eabi/lib/thumb/v7e-m+fp/softfp/libc.a(lib_a-atexit.o)
                0x000000001000ae1c                atexit
 .text.quorem   0x000000001000ae28      0x128 /usr/local/gcc_arm/gcc-arm-none-eabi-10.3-2021.10/bin/../lib/gcc/arm-none-eabi/10.3.1/../../../../arm-none-eabi/lib/thumb/v7e-m+fp/softfp/libc.a(lib_a-dtoa.o)
 .text._dtoa_r  0x000000001000af50      0xf34 /usr/local/gcc_arm/gcc-arm-none-eabi-10.3-2021.10/bin/../lib/gcc/arm-none-eabi/10.3.1/../../../../arm-none-eabi/lib/thumb/v7e-m+fp/softfp/libc.a(lib_a-dtoa.o)
                0x000000001000af50                _dtoa_r
 .text.__sflush_r
                0x000000001000be84      0x130 /usr/local/gcc_arm/gcc-arm-none-eabi-10.3-2021.10/bin/../lib/gcc/arm-none-eabi/10.3.1/../../../../arm-none-eabi/lib/thumb/v7e-m+fp/softfp/libc.a(lib_a-fflush.o)
                0x000000001000be84                __sflush_r
 .text._fflush_r
                0x000000001000bfb4       0x5c /usr/local/gcc_arm/gcc-arm-none-eabi-10.3-2021.10/bin/../lib/gcc/arm-none-eabi/10.3.1/../../../../arm-none-eabi/lib/thumb/v7e-m+fp/softfp/libc.a(lib_a-fflush.o)
                0x000000001000bfb4                _fflush_r
 .text._cleanup_r
                0x000000001000c010        0xc /usr/local/gcc_arm/gcc-arm-none-eabi-10.3-2021.10/bin/../lib/gcc/arm-none-eabi/10.3.1/../../../../arm-none-eabi/lib/thumb/v7e-m+fp/softfp/libc.a(lib_a-findfp.o)
                0x000000001000c010                _cleanup_r
 .text.__sinit  0x000000001000c01c      0x10c /usr/local/gcc_arm/gcc-arm-none-eabi-10.3-2021.10/bin/../lib/gcc/arm-none-eabi/10.3.1/../../../../arm-none-eabi/lib/thumb/v7e-m+fp/softfp/libc.a(lib_a-findfp.o)
                0x000000001000c01c                __sinit
 .text.__sfp_lock_acquire
                0x000000001000c128        0xc /usr/local/gcc_arm/gcc-arm-none-eabi-10.3-2021.10/bin/../lib/gcc/arm-none-eabi/10.3.1/../../../../arm-none-eabi/lib/thumb/v7e-m+fp/softfp/libc.a(lib_a-findfp.o)
                0x000000001000c128                __sfp_lock_acquire
 .text.__sfp_lock_release
                0x000000001000c134        0xc /usr/local/gcc_arm/gcc-arm-none-eabi-10.3-2021.10/bin/../lib/gcc/arm-none-eabi/10.3.1/../../../../arm-none-eabi/lib/thumb/v7e-m+fp/softfp/libc.a(lib_a-findfp.o)
                0x000000001000c134                __sfp_lock_release
 .text.__libc_fini_array
                0x000000001000c140       0x2c /usr/local/gcc_arm/gcc-arm-none-eabi-10.3-2021.10/bin/../lib/gcc/arm-none-eabi/10.3.1/../../../../arm-none-eabi/lib/thumb/v7e-m+fp/softfp/libc.a(lib_a-fini.o)
                0x000000001000c140                __libc_fini_array
 .text._malloc_trim_r
                0x000000001000c16c       0xa0 /usr/local/gcc_arm/gcc-arm-none-eabi-10.3-2021.10/bin/../lib/gcc/arm-none-eabi/10.3.1/../../../../arm-none-eabi/lib/thumb/v7e-m+fp/softfp/libc.a(lib_a-freer.o)
                0x000000001000c16c                _malloc_trim_r
 .text._free_r  0x000000001000c20c      0x20c /usr/local/gcc_arm/gcc-arm-none-eabi-10.3-2021.10/bin/../lib/gcc/arm-none-eabi/10.3.1/../../../../arm-none-eabi/lib/thumb/v7e-m+fp/softfp/libc.a(lib_a-freer.o)
                0x000000001000c20c                _free_r
 .text.__sfvwrite_r
                0x000000001000c418      0x2f0 /usr/local/gcc_arm/gcc-arm-none-eabi-10.3-2021.10/bin/../lib/gcc/arm-none-eabi/10.3.1/../../../../arm-none-eabi/lib/thumb/v7e-m+fp/softfp/libc.a(lib_a-fvwrite.o)
                0x000000001000c418                __sfvwrite_r
 .text._fwalk_reent
                0x000000001000c708       0x48 /usr/local/gcc_arm/gcc-arm-none-eabi-10.3-2021.10/bin/../lib/gcc/arm-none-eabi/10.3.1/../../../../arm-none-eabi/lib/thumb/v7e-m+fp/softfp/libc.a(lib_a-fwalk.o)
                0x000000001000c708                _fwalk_reent
 .text._localeconv_r
                0x000000001000c750        0x8 /usr/local/gcc_arm/gcc-arm-none-eabi-10.3-2021.10/bin/../lib/gcc/arm-none-eabi/10.3.1/../../../../arm-none-eabi/lib/thumb/v7e-m+fp/softfp/libc.a(lib_a-localeconv.o)
                0x000000001000c750                _localeconv_r
 .text.__retarget_lock_init_recursive
                0x000000001000c758        0x4 /usr/local/gcc_arm/gcc-arm-none-eabi-10.3-2021.10/bin/../lib/gcc/arm-none-eabi/10.3.1/../../../../arm-none-eabi/lib/thumb/v7e-m+fp/softfp/libc.a(lib_a-lock.o)
                0x000000001000c758                __retarget_lock_init_recursive
 .text.__retarget_lock_close_recursive
                0x000000001000c75c        0x4 /usr/local/gcc_arm/gcc-arm-none-eabi-10.3-2021.10/bin/../lib/gcc/arm-none-eabi/10.3.1/../../../../arm-none-eabi/lib/thumb/v7e-m+fp/softfp/libc.a(lib_a-lock.o)
                0x000000001000c75c                __retarget_lock_close_recursive
 .text.__retarget_lock_acquire_recursive
                0x000000001000c760        0x4 /usr/local/gcc_arm/gcc-arm-none-eabi-10.3-2021.10/bin/../lib/gcc/arm-none-eabi/10.3.1/../../../../arm-none-eabi/lib/thumb/v7e-m+fp/softfp/libc.a(lib_a-lock.o)
                0x000000001000c760                __retarget_lock_acquire_recursive
 .text.__retarget_lock_release_recursive
                0x000000001000c764        0x4 /usr/local/gcc_arm/gcc-arm-none-eabi-10.3-2021.10/bin/../lib/gcc/arm-none-eabi/10.3.1/../../../../arm-none-eabi/lib/thumb/v7e-m+fp/softfp/libc.a(lib_a-lock.o)
                0x000000001000c764                __retarget_lock_release_recursive
 .text.__smakebuf_r
                0x000000001000c768       0xe0 /usr/local/gcc_arm/gcc-arm-none-eabi-10.3-2021.10/bin/../lib/gcc/arm-none-eabi/10.3.1/../../../../arm-none-eabi/lib/thumb/v7e-m+fp/softfp/libc.a(lib_a-makebuf.o)
                0x000000001000c768                __smakebuf_r
 *fill*         0x000000001000c848        0x8 
 .text          0x000000001000c850       0xa0 /usr/local/gcc_arm/gcc-arm-none-eabi-10.3-2021.10/bin/../lib/gcc/arm-none-eabi/10.3.1/../../../../arm-none-eabi/lib/thumb/v7e-m+fp/softfp/libc.a(lib_a-memchr.o)
                0x000000001000c850                memchr
 .text.memmove  0x000000001000c8f0       0xf8 /usr/local/gcc_arm/gcc-arm-none-eabi-10.3-2021.10/bin/../lib/gcc/arm-none-eabi/10.3.1/../../../../arm-none-eabi/lib/thumb/v7e-m+fp/softfp/libc.a(lib_a-memmove.o)
                0x000000001000c8f0                memmove
 .text._Balloc  0x000000001000c9e8       0x4c /usr/local/gcc_arm/gcc-arm-none-eabi-10.3-2021.10/bin/../lib/gcc/arm-none-eabi/10.3.1/../../../../arm-none-eabi/lib/thumb/v7e-m+fp/softfp/libc.a(lib_a-mprec.o)
                0x000000001000c9e8                _Balloc
 .text._Bfree   0x000000001000ca34       0x14 /usr/local/gcc_arm/gcc-arm-none-eabi-10.3-2021.10/bin/../lib/gcc/arm-none-eabi/10.3.1/../../../../arm-none-eabi/lib/thumb/v7e-m+fp/softfp/libc.a(lib_a-mprec.o)
                0x000000001000ca34                _Bfree
 .text.__multadd
                0x000000001000ca48       0xa8 /usr/local/gcc_arm/gcc-arm-none-eabi-10.3-2021.10/bin/../lib/gcc/arm-none-eabi/10.3.1/../../../../arm-none-eabi/lib/thumb/v7e-m+fp/softfp/libc.a(lib_a-mprec.o)
                0x000000001000ca48                __multadd
 .text.__hi0bits
                0x000000001000caf0       0x40 /usr/local/gcc_arm/gcc-arm-none-eabi-10.3-2021.10/bin/../lib/gcc/arm-none-eabi/10.3.1/../../../../arm-none-eabi/lib/thumb/v7e-m+fp/softfp/libc.a(lib_a-mprec.o)
                0x000000001000caf0                __hi0bits
 .text.__lo0bits
                0x000000001000cb30       0x60 /usr/local/gcc_arm/gcc-arm-none-eabi-10.3-2021.10/bin/../lib/gcc/arm-none-eabi/10.3.1/../../../../arm-none-eabi/lib/thumb/v7e-m+fp/softfp/libc.a(lib_a-mprec.o)
                0x000000001000cb30                __lo0bits
 .text.__i2b    0x000000001000cb90       0x5c /usr/local/gcc_arm/gcc-arm-none-eabi-10.3-2021.10/bin/../lib/gcc/arm-none-eabi/10.3.1/../../../../arm-none-eabi/lib/thumb/v7e-m+fp/softfp/libc.a(lib_a-mprec.o)
                0x000000001000cb90                __i2b
 .text.__multiply
                0x000000001000cbec      0x15c /usr/local/gcc_arm/gcc-arm-none-eabi-10.3-2021.10/bin/../lib/gcc/arm-none-eabi/10.3.1/../../../../arm-none-eabi/lib/thumb/v7e-m+fp/softfp/libc.a(lib_a-mprec.o)
                0x000000001000cbec                __multiply
 .text.__pow5mult
                0x000000001000cd48       0xc0 /usr/local/gcc_arm/gcc-arm-none-eabi-10.3-2021.10/bin/../lib/gcc/arm-none-eabi/10.3.1/../../../../arm-none-eabi/lib/thumb/v7e-m+fp/softfp/libc.a(lib_a-mprec.o)
                0x000000001000cd48                __pow5mult
 .text.__lshift
                0x000000001000ce08       0xf0 /usr/local/gcc_arm/gcc-arm-none-eabi-10.3-2021.10/bin/../lib/gcc/arm-none-eabi/10.3.1/../../../../arm-none-eabi/lib/thumb/v7e-m+fp/softfp/libc.a(lib_a-mprec.o)
                0x000000001000ce08                __lshift
 .text.__mcmp   0x000000001000cef8       0x44 /usr/local/gcc_arm/gcc-arm-none-eabi-10.3-2021.10/bin/../lib/gcc/arm-none-eabi/10.3.1/../../../../arm-none-eabi/lib/thumb/v7e-m+fp/softfp/libc.a(lib_a-mprec.o)
                0x000000001000cef8                __mcmp
 .text.__mdiff  0x000000001000cf3c      0x14c /usr/local/gcc_arm/gcc-arm-none-eabi-10.3-2021.10/bin/../lib/gcc/arm-none-eabi/10.3.1/../../../../arm-none-eabi/lib/thumb/v7e-m+fp/softfp/libc.a(lib_a-mprec.o)
                0x000000001000cf3c                __mdiff
 .text.__d2b    0x000000001000d088       0xc4 /usr/local/gcc_arm/gcc-arm-none-eabi-10.3-2021.10/bin/../lib/gcc/arm-none-eabi/10.3.1/../../../../arm-none-eabi/lib/thumb/v7e-m+fp/softfp/libc.a(lib_a-mprec.o)
                0x000000001000d088                __d2b
 .text._putc_r  0x000000001000d14c       0x74 /usr/local/gcc_arm/gcc-arm-none-eabi-10.3-2021.10/bin/../lib/gcc/arm-none-eabi/10.3.1/../../../../arm-none-eabi/lib/thumb/v7e-m+fp/softfp/libc.a(lib_a-putc.o)
                0x000000001000d14c                _putc_r
 .text._realloc_r
                0x000000001000d1c0      0x3d8 /usr/local/gcc_arm/gcc-arm-none-eabi-10.3-2021.10/bin/../lib/gcc/arm-none-eabi/10.3.1/../../../../arm-none-eabi/lib/thumb/v7e-m+fp/softfp/libc.a(lib_a-reallocr.o)
                0x000000001000d1c0                _realloc_r
 .text.frexp    0x000000001000d598       0x70 /usr/local/gcc_arm/gcc-arm-none-eabi-10.3-2021.10/bin/../lib/gcc/arm-none-eabi/10.3.1/../../../../arm-none-eabi/lib/thumb/v7e-m+fp/softfp/libc.a(lib_a-s_frexp.o)
                0x000000001000d598                frexp
 .text.__sread  0x000000001000d608       0x24 /usr/local/gcc_arm/gcc-arm-none-eabi-10.3-2021.10/bin/../lib/gcc/arm-none-eabi/10.3.1/../../../../arm-none-eabi/lib/thumb/v7e-m+fp/softfp/libc.a(lib_a-stdio.o)
                0x000000001000d608                __sread
 .text.__swrite
                0x000000001000d62c       0x40 /usr/local/gcc_arm/gcc-arm-none-eabi-10.3-2021.10/bin/../lib/gcc/arm-none-eabi/10.3.1/../../../../arm-none-eabi/lib/thumb/v7e-m+fp/softfp/libc.a(lib_a-stdio.o)
                0x000000001000d62c                __swrite
 .text.__sseek  0x000000001000d66c       0x20 /usr/local/gcc_arm/gcc-arm-none-eabi-10.3-2021.10/bin/../lib/gcc/arm-none-eabi/10.3.1/../../../../arm-none-eabi/lib/thumb/v7e-m+fp/softfp/libc.a(lib_a-stdio.o)
                0x000000001000d66c                __sseek
 .text.__sclose
                0x000000001000d68c        0x8 /usr/local/gcc_arm/gcc-arm-none-eabi-10.3-2021.10/bin/../lib/gcc/arm-none-eabi/10.3.1/../../../../arm-none-eabi/lib/thumb/v7e-m+fp/softfp/libc.a(lib_a-stdio.o)
                0x000000001000d68c                __sclose
 .text.strncpy  0x000000001000d694       0x64 /usr/local/gcc_arm/gcc-arm-none-eabi-10.3-2021.10/bin/../lib/gcc/arm-none-eabi/10.3.1/../../../../arm-none-eabi/lib/thumb/v7e-m+fp/softfp/libc.a(lib_a-strncpy.o)
                0x000000001000d694                strncpy
 .text.__ssprint_r
                0x000000001000d6f8       0xf8 /usr/local/gcc_arm/gcc-arm-none-eabi-10.3-2021.10/bin/../lib/gcc/arm-none-eabi/10.3.1/../../../../arm-none-eabi/lib/thumb/v7e-m+fp/softfp/libc.a(lib_a-svfiprintf.o)
                0x000000001000d6f8                __ssprint_r
 .text.__sprint_r.part.0
                0x000000001000d7f0       0x78 /usr/local/gcc_arm/gcc-arm-none-eabi-10.3-2021.10/bin/../lib/gcc/arm-none-eabi/10.3.1/../../../../arm-none-eabi/lib/thumb/v7e-m+fp/softfp/libc.a(lib_a-vfiprintf.o)
 .text.__sprint_r
                0x000000001000d868       0x18 /usr/local/gcc_arm/gcc-arm-none-eabi-10.3-2021.10/bin/../lib/gcc/arm-none-eabi/10.3.1/../../../../arm-none-eabi/lib/thumb/v7e-m+fp/softfp/libc.a(lib_a-vfiprintf.o)
                0x000000001000d868                __sprint_r
 .text._vfiprintf_r
                0x000000001000d880      0xdfc /usr/local/gcc_arm/gcc-arm-none-eabi-10.3-2021.10/bin/../lib/gcc/arm-none-eabi/10.3.1/../../../../arm-none-eabi/lib/thumb/v7e-m+fp/softfp/libc.a(lib_a-vfiprintf.o)
                0x000000001000d880                _vfiprintf_r
 .text.__sbprintf
                0x000000001000e67c       0x80 /usr/local/gcc_arm/gcc-arm-none-eabi-10.3-2021.10/bin/../lib/gcc/arm-none-eabi/10.3.1/../../../../arm-none-eabi/lib/thumb/v7e-m+fp/softfp/libc.a(lib_a-vfiprintf.o)
 .text.__swbuf_r
                0x000000001000e6fc       0xb0 /usr/local/gcc_arm/gcc-arm-none-eabi-10.3-2021.10/bin/../lib/gcc/arm-none-eabi/10.3.1/../../../../arm-none-eabi/lib/thumb/v7e-m+fp/softfp/libc.a(lib_a-wbuf.o)
                0x000000001000e6fc                __swbuf_r
 .text._write_r
                0x000000001000e7ac       0x2c /usr/local/gcc_arm/gcc-arm-none-eabi-10.3-2021.10/bin/../lib/gcc/arm-none-eabi/10.3.1/../../../../arm-none-eabi/lib/thumb/v7e-m+fp/softfp/libc.a(lib_a-writer.o)
                0x000000001000e7ac                _write_r
 .text.__register_exitproc
                0x000000001000e7d8       0x8c /usr/local/gcc_arm/gcc-arm-none-eabi-10.3-2021.10/bin/../lib/gcc/arm-none-eabi/10.3.1/../../../../arm-none-eabi/lib/thumb/v7e-m+fp/softfp/libc.a(lib_a-__atexit.o)
                0x000000001000e7d8                __register_exitproc
 .text.__assert_func
                0x000000001000e864       0x40 /usr/local/gcc_arm/gcc-arm-none-eabi-10.3-2021.10/bin/../lib/gcc/arm-none-eabi/10.3.1/../../../../arm-none-eabi/lib/thumb/v7e-m+fp/softfp/libc.a(lib_a-assert.o)
                0x000000001000e864                __assert_func
 .text._calloc_r
                0x000000001000e8a4       0x78 /usr/local/gcc_arm/gcc-arm-none-eabi-10.3-2021.10/bin/../lib/gcc/arm-none-eabi/10.3.1/../../../../arm-none-eabi/lib/thumb/v7e-m+fp/softfp/libc.a(lib_a-callocr.o)
                0x000000001000e8a4                _calloc_r
 .text._close_r
                0x000000001000e91c       0x24 /usr/local/gcc_arm/gcc-arm-none-eabi-10.3-2021.10/bin/../lib/gcc/arm-none-eabi/10.3.1/../../../../arm-none-eabi/lib/thumb/v7e-m+fp/softfp/libc.a(lib_a-closer.o)
                0x000000001000e91c                _close_r
 .text._fclose_r
                0x000000001000e940       0xcc /usr/local/gcc_arm/gcc-arm-none-eabi-10.3-2021.10/bin/../lib/gcc/arm-none-eabi/10.3.1/../../../../arm-none-eabi/lib/thumb/v7e-m+fp/softfp/libc.a(lib_a-fclose.o)
                0x000000001000e940                _fclose_r
 .text.fiprintf
                0x000000001000ea0c       0x28 /usr/local/gcc_arm/gcc-arm-none-eabi-10.3-2021.10/bin/../lib/gcc/arm-none-eabi/10.3.1/../../../../arm-none-eabi/lib/thumb/v7e-m+fp/softfp/libc.a(lib_a-fiprintf.o)
                0x000000001000ea0c                fiprintf
 .text.__fputwc
                0x000000001000ea34       0xa8 /usr/local/gcc_arm/gcc-arm-none-eabi-10.3-2021.10/bin/../lib/gcc/arm-none-eabi/10.3.1/../../../../arm-none-eabi/lib/thumb/v7e-m+fp/softfp/libc.a(lib_a-fputwc.o)
                0x000000001000ea34                __fputwc
 .text._fputwc_r
                0x000000001000eadc       0x68 /usr/local/gcc_arm/gcc-arm-none-eabi-10.3-2021.10/bin/../lib/gcc/arm-none-eabi/10.3.1/../../../../arm-none-eabi/lib/thumb/v7e-m+fp/softfp/libc.a(lib_a-fputwc.o)
                0x000000001000eadc                _fputwc_r
 .text._fstat_r
                0x000000001000eb44       0x2c /usr/local/gcc_arm/gcc-arm-none-eabi-10.3-2021.10/bin/../lib/gcc/arm-none-eabi/10.3.1/../../../../arm-none-eabi/lib/thumb/v7e-m+fp/softfp/libc.a(lib_a-fstatr.o)
                0x000000001000eb44                _fstat_r
 .text._isatty_r
                0x000000001000eb70       0x24 /usr/local/gcc_arm/gcc-arm-none-eabi-10.3-2021.10/bin/../lib/gcc/arm-none-eabi/10.3.1/../../../../arm-none-eabi/lib/thumb/v7e-m+fp/softfp/libc.a(lib_a-isattyr.o)
                0x000000001000eb70                _isatty_r
 .text.__locale_mb_cur_max
                0x000000001000eb94        0xc /usr/local/gcc_arm/gcc-arm-none-eabi-10.3-2021.10/bin/../lib/gcc/arm-none-eabi/10.3.1/../../../../arm-none-eabi/lib/thumb/v7e-m+fp/softfp/libc.a(lib_a-locale.o)
                0x000000001000eb94                __locale_mb_cur_max
 .text._lseek_r
                0x000000001000eba0       0x2c /usr/local/gcc_arm/gcc-arm-none-eabi-10.3-2021.10/bin/../lib/gcc/arm-none-eabi/10.3.1/../../../../arm-none-eabi/lib/thumb/v7e-m+fp/softfp/libc.a(lib_a-lseekr.o)
                0x000000001000eba0                _lseek_r
 .text.__ascii_mbtowc
                0x000000001000ebcc       0x2c /usr/local/gcc_arm/gcc-arm-none-eabi-10.3-2021.10/bin/../lib/gcc/arm-none-eabi/10.3.1/../../../../arm-none-eabi/lib/thumb/v7e-m+fp/softfp/libc.a(lib_a-mbtowc_r.o)
                0x000000001000ebcc                __ascii_mbtowc
 .text._read_r  0x000000001000ebf8       0x2c /usr/local/gcc_arm/gcc-arm-none-eabi-10.3-2021.10/bin/../lib/gcc/arm-none-eabi/10.3.1/../../../../arm-none-eabi/lib/thumb/v7e-m+fp/softfp/libc.a(lib_a-readr.o)
                0x000000001000ebf8                _read_r
 .text._wcrtomb_r
                0x000000001000ec24       0x3c /usr/local/gcc_arm/gcc-arm-none-eabi-10.3-2021.10/bin/../lib/gcc/arm-none-eabi/10.3.1/../../../../arm-none-eabi/lib/thumb/v7e-m+fp/softfp/libc.a(lib_a-wcrtomb.o)
                0x000000001000ec24                _wcrtomb_r
 .text.__ascii_wctomb
                0x000000001000ec60       0x1c /usr/local/gcc_arm/gcc-arm-none-eabi-10.3-2021.10/bin/../lib/gcc/arm-none-eabi/10.3.1/../../../../arm-none-eabi/lib/thumb/v7e-m+fp/softfp/libc.a(lib_a-wctomb_r.o)
                0x000000001000ec60                __ascii_wctomb
 .text.abort    0x000000001000ec7c       0x10 /usr/local/gcc_arm/gcc-arm-none-eabi-10.3-2021.10/bin/../lib/gcc/arm-none-eabi/10.3.1/../../../../arm-none-eabi/lib/thumb/v7e-m+fp/softfp/libc.a(lib_a-abort.o)
                0x000000001000ec7c                abort
 .text.raise    0x000000001000ec8c       0x5c /usr/local/gcc_arm/gcc-arm-none-eabi-10.3-2021.10/bin/../lib/gcc/arm-none-eabi/10.3.1/../../../../arm-none-eabi/lib/thumb/v7e-m+fp/softfp/libc.a(lib_a-signal.o)
                0x000000001000ec8c                raise
 .text._kill_r  0x000000001000ece8       0x2c /usr/local/gcc_arm/gcc-arm-none-eabi-10.3-2021.10/bin/../lib/gcc/arm-none-eabi/10.3.1/../../../../arm-none-eabi/lib/thumb/v7e-m+fp/softfp/libc.a(lib_a-signalr.o)
                0x000000001000ece8                _kill_r
 .text._getpid_r
                0x000000001000ed14        0x4 /usr/local/gcc_arm/gcc-arm-none-eabi-10.3-2021.10/bin/../lib/gcc/arm-none-eabi/10.3.1/../../../../arm-none-eabi/lib/thumb/v7e-m+fp/softfp/libc.a(lib_a-signalr.o)
                0x000000001000ed14                _getpid_r
 .text._getpid  0x000000001000ed18       0x10 /usr/local/gcc_arm/gcc-arm-none-eabi-10.3-2021.10/bin/../lib/gcc/arm-none-eabi/10.3.1/../../../../arm-none-eabi/lib/thumb/v7e-m+fp/softfp/libnosys.a(getpid.o)
                0x000000001000ed18                _getpid
 .text._kill    0x000000001000ed28       0x10 /usr/local/gcc_arm/gcc-arm-none-eabi-10.3-2021.10/bin/../lib/gcc/arm-none-eabi/10.3.1/../../../../arm-none-eabi/lib/thumb/v7e-m+fp/softfp/libnosys.a(kill.o)
                0x000000001000ed28                _kill
 .text._exit    0x000000001000ed38        0x4 /usr/local/gcc_arm/gcc-arm-none-eabi-10.3-2021.10/bin/../lib/gcc/arm-none-eabi/10.3.1/../../../../arm-none-eabi/lib/thumb/v7e-m+fp/softfp/libnosys.a(_exit.o)
                0x000000001000ed38                _exit
 .text          0x000000001000ed3c      0x378 /usr/local/gcc_arm/gcc-arm-none-eabi-10.3-2021.10/bin/../lib/gcc/arm-none-eabi/10.3.1/thumb/v7e-m+fp/softfp/libgcc.a(_arm_addsubdf3.o)
                0x000000001000ed3c                __aeabi_drsub
                0x000000001000ed44                __subdf3
                0x000000001000ed44                __aeabi_dsub
                0x000000001000ed48                __aeabi_dadd
                0x000000001000ed48                __adddf3
                0x000000001000efc0                __aeabi_ui2d
                0x000000001000efc0                __floatunsidf
                0x000000001000efe0                __floatsidf
                0x000000001000efe0                __aeabi_i2d
                0x000000001000f004                __extendsfdf2
                0x000000001000f004                __aeabi_f2d
                0x000000001000f048                __aeabi_ul2d
                0x000000001000f048                __floatundidf
                0x000000001000f058                __aeabi_l2d
                0x000000001000f058                __floatdidf
 .text          0x000000001000f0b4      0x424 /usr/local/gcc_arm/gcc-arm-none-eabi-10.3-2021.10/bin/../lib/gcc/arm-none-eabi/10.3.1/thumb/v7e-m+fp/softfp/libgcc.a(_arm_muldivdf3.o)
                0x000000001000f0b4                __aeabi_dmul
                0x000000001000f0b4                __muldf3
                0x000000001000f308                __aeabi_ddiv
                0x000000001000f308                __divdf3
 .text          0x000000001000f4d8      0x110 /usr/local/gcc_arm/gcc-arm-none-eabi-10.3-2021.10/bin/../lib/gcc/arm-none-eabi/10.3.1/thumb/v7e-m+fp/softfp/libgcc.a(_arm_cmpdf2.o)
                0x000000001000f4d8                __gedf2
                0x000000001000f4d8                __gtdf2
                0x000000001000f4e0                __ledf2
                0x000000001000f4e0                __ltdf2
                0x000000001000f4e8                __cmpdf2
                0x000000001000f4e8                __eqdf2
                0x000000001000f4e8                __nedf2
                0x000000001000f564                __aeabi_cdrcmple
                0x000000001000f574                __aeabi_cdcmple
                0x000000001000f574                __aeabi_cdcmpeq
                0x000000001000f584                __aeabi_dcmpeq
                0x000000001000f598                __aeabi_dcmplt
                0x000000001000f5ac                __aeabi_dcmple
                0x000000001000f5c0                __aeabi_dcmpge
                0x000000001000f5d4                __aeabi_dcmpgt
 .text          0x000000001000f5e8       0x2c /usr/local/gcc_arm/gcc-arm-none-eabi-10.3-2021.10/bin/../lib/gcc/arm-none-eabi/10.3.1/thumb/v7e-m+fp/softfp/libgcc.a(_arm_unorddf2.o)
                0x000000001000f5e8                __aeabi_dcmpun
                0x000000001000f5e8                __unorddf2
 .text          0x000000001000f614       0x50 /usr/local/gcc_arm/gcc-arm-none-eabi-10.3-2021.10/bin/../lib/gcc/arm-none-eabi/10.3.1/thumb/v7e-m+fp/softfp/libgcc.a(_arm_fixdfsi.o)
                0x000000001000f614                __fixdfsi
                0x000000001000f614                __aeabi_d2iz
 .text          0x000000001000f664       0xa0 /usr/local/gcc_arm/gcc-arm-none-eabi-10.3-2021.10/bin/../lib/gcc/arm-none-eabi/10.3.1/thumb/v7e-m+fp/softfp/libgcc.a(_aeabi_ldivmod.o)
                0x000000001000f664                __aeabi_ldivmod
 .text          0x000000001000f704       0x30 /usr/local/gcc_arm/gcc-arm-none-eabi-10.3-2021.10/bin/../lib/gcc/arm-none-eabi/10.3.1/thumb/v7e-m+fp/softfp/libgcc.a(_aeabi_uldivmod.o)
                0x000000001000f704                __aeabi_uldivmod
 .text          0x000000001000f734      0x2d0 /usr/local/gcc_arm/gcc-arm-none-eabi-10.3-2021.10/bin/../lib/gcc/arm-none-eabi/10.3.1/thumb/v7e-m+fp/softfp/libgcc.a(_udivmoddi4.o)
                0x000000001000f734                __udivmoddi4
 .text          0x000000001000fa04        0x4 /usr/local/gcc_arm/gcc-arm-none-eabi-10.3-2021.10/bin/../lib/gcc/arm-none-eabi/10.3.1/thumb/v7e-m+fp/softfp/libgcc.a(_dvmd_tls.o)
                0x000000001000fa04                __aeabi_ldiv0
                0x000000001000fa04                __aeabi_idiv0
 *(.rodata*)
 .rodata.main.str1.4
                0x000000001000fa08      0x1fb /Users/ianwu/Desktop/SpotOn/MAX78000_SDK/Examples/MAX78000/CNN/cats-dogs_demo/build/main.o
 *fill*         0x000000001000fc03        0x1 
 .rodata        0x000000001000fc04        0xc /Users/ianwu/Desktop/SpotOn/MAX78000_SDK/Examples/MAX78000/CNN/cats-dogs_demo/build/main.o
 .rodata.classes
                0x000000001000fc10       0x14 /Users/ianwu/Desktop/SpotOn/MAX78000_SDK/Examples/MAX78000/CNN/cats-dogs_demo/build/main.o
                0x000000001000fc10                classes
 .rodata.kernels_0
                0x000000001000fc24      0x4ec /Users/ianwu/Desktop/SpotOn/MAX78000_SDK/Examples/MAX78000/CNN/cats-dogs_demo/build/cnn.o
 .rodata.kernels_1
                0x0000000010010110       0x24 /Users/ianwu/Desktop/SpotOn/MAX78000_SDK/Examples/MAX78000/CNN/cats-dogs_demo/build/cnn.o
 .rodata.kernels_10
                0x0000000010010134      0x45c /Users/ianwu/Desktop/SpotOn/MAX78000_SDK/Examples/MAX78000/CNN/cats-dogs_demo/build/cnn.o
 .rodata.kernels_11
                0x0000000010010590      0x45c /Users/ianwu/Desktop/SpotOn/MAX78000_SDK/Examples/MAX78000/CNN/cats-dogs_demo/build/cnn.o
 .rodata.kernels_12
                0x00000000100109ec      0x45c /Users/ianwu/Desktop/SpotOn/MAX78000_SDK/Examples/MAX78000/CNN/cats-dogs_demo/build/cnn.o
 .rodata.kernels_13
                0x0000000010010e48      0x45c /Users/ianwu/Desktop/SpotOn/MAX78000_SDK/Examples/MAX78000/CNN/cats-dogs_demo/build/cnn.o
 .rodata.kernels_14
                0x00000000100112a4      0x45c /Users/ianwu/Desktop/SpotOn/MAX78000_SDK/Examples/MAX78000/CNN/cats-dogs_demo/build/cnn.o
 .rodata.kernels_15
                0x0000000010011700      0x45c /Users/ianwu/Desktop/SpotOn/MAX78000_SDK/Examples/MAX78000/CNN/cats-dogs_demo/build/cnn.o
 .rodata.kernels_16
                0x0000000010011b5c      0x4ec /Users/ianwu/Desktop/SpotOn/MAX78000_SDK/Examples/MAX78000/CNN/cats-dogs_demo/build/cnn.o
 .rodata.kernels_17
                0x0000000010012048      0x45c /Users/ianwu/Desktop/SpotOn/MAX78000_SDK/Examples/MAX78000/CNN/cats-dogs_demo/build/cnn.o
 .rodata.kernels_18
                0x00000000100124a4      0x45c /Users/ianwu/Desktop/SpotOn/MAX78000_SDK/Examples/MAX78000/CNN/cats-dogs_demo/build/cnn.o
 .rodata.kernels_19
                0x0000000010012900      0x45c /Users/ianwu/Desktop/SpotOn/MAX78000_SDK/Examples/MAX78000/CNN/cats-dogs_demo/build/cnn.o
 .rodata.kernels_2
                0x0000000010012d5c       0x24 /Users/ianwu/Desktop/SpotOn/MAX78000_SDK/Examples/MAX78000/CNN/cats-dogs_demo/build/cnn.o
 .rodata.kernels_20
                0x0000000010012d80      0x45c /Users/ianwu/Desktop/SpotOn/MAX78000_SDK/Examples/MAX78000/CNN/cats-dogs_demo/build/cnn.o
 .rodata.kernels_21
                0x00000000100131dc      0x45c /Users/ianwu/Desktop/SpotOn/MAX78000_SDK/Examples/MAX78000/CNN/cats-dogs_demo/build/cnn.o
 .rodata.kernels_22
                0x0000000010013638      0x45c /Users/ianwu/Desktop/SpotOn/MAX78000_SDK/Examples/MAX78000/CNN/cats-dogs_demo/build/cnn.o
 .rodata.kernels_23
                0x0000000010013a94      0x45c /Users/ianwu/Desktop/SpotOn/MAX78000_SDK/Examples/MAX78000/CNN/cats-dogs_demo/build/cnn.o
 .rodata.kernels_24
                0x0000000010013ef0      0x45c /Users/ianwu/Desktop/SpotOn/MAX78000_SDK/Examples/MAX78000/CNN/cats-dogs_demo/build/cnn.o
 .rodata.kernels_25
                0x000000001001434c      0x45c /Users/ianwu/Desktop/SpotOn/MAX78000_SDK/Examples/MAX78000/CNN/cats-dogs_demo/build/cnn.o
 .rodata.kernels_26
                0x00000000100147a8      0x45c /Users/ianwu/Desktop/SpotOn/MAX78000_SDK/Examples/MAX78000/CNN/cats-dogs_demo/build/cnn.o
 .rodata.kernels_27
                0x0000000010014c04      0x45c /Users/ianwu/Desktop/SpotOn/MAX78000_SDK/Examples/MAX78000/CNN/cats-dogs_demo/build/cnn.o
 .rodata.kernels_28
                0x0000000010015060      0x45c /Users/ianwu/Desktop/SpotOn/MAX78000_SDK/Examples/MAX78000/CNN/cats-dogs_demo/build/cnn.o
 .rodata.kernels_29
                0x00000000100154bc      0x45c /Users/ianwu/Desktop/SpotOn/MAX78000_SDK/Examples/MAX78000/CNN/cats-dogs_demo/build/cnn.o
 .rodata.kernels_3
                0x0000000010015918       0x24 /Users/ianwu/Desktop/SpotOn/MAX78000_SDK/Examples/MAX78000/CNN/cats-dogs_demo/build/cnn.o
 .rodata.kernels_30
                0x000000001001593c      0x438 /Users/ianwu/Desktop/SpotOn/MAX78000_SDK/Examples/MAX78000/CNN/cats-dogs_demo/build/cnn.o
 .rodata.kernels_31
                0x0000000010015d74      0x438 /Users/ianwu/Desktop/SpotOn/MAX78000_SDK/Examples/MAX78000/CNN/cats-dogs_demo/build/cnn.o
 .rodata.kernels_32
                0x00000000100161ac      0x4c8 /Users/ianwu/Desktop/SpotOn/MAX78000_SDK/Examples/MAX78000/CNN/cats-dogs_demo/build/cnn.o
 .rodata.kernels_33
                0x0000000010016674      0x438 /Users/ianwu/Desktop/SpotOn/MAX78000_SDK/Examples/MAX78000/CNN/cats-dogs_demo/build/cnn.o
 .rodata.kernels_34
                0x0000000010016aac      0x230 /Users/ianwu/Desktop/SpotOn/MAX78000_SDK/Examples/MAX78000/CNN/cats-dogs_demo/build/cnn.o
 .rodata.kernels_35
                0x0000000010016cdc      0x230 /Users/ianwu/Desktop/SpotOn/MAX78000_SDK/Examples/MAX78000/CNN/cats-dogs_demo/build/cnn.o
 .rodata.kernels_36
                0x0000000010016f0c      0x4dc /Users/ianwu/Desktop/SpotOn/MAX78000_SDK/Examples/MAX78000/CNN/cats-dogs_demo/build/cnn.o
 .rodata.kernels_37